Component: ARM Compiler 5.05 update 1 (build 106) Tool: armlink [4d0efa]

==============================================================================

Section Cross References

    main.o(i.main) refers to gd32f10x_misc.o(i.nvic_priority_group_set) for nvic_priority_group_set
    main.o(i.main) refers to uart.o(i.UART_Init) for UART_Init
    main.o(i.main) refers to printf1.o(i.__0printf$1) for __2printf
    main.o(i.main) refers to tasks.o(i.xTaskCreate) for xTaskCreate
    main.o(i.main) refers to tasks.o(i.vTaskStartScheduler) for vTaskStartScheduler
    main.o(i.main) refers to sonar.o(i.vSonarPollingTask) for vSonarPollingTask
    sonar.o(i.Sonar_Parse_Data) refers to sonar.o(i.Modbus_CRC16) for Modbus_CRC16
    sonar.o(i.Sonar_Send_Read_Cmd) refers to sonar.o(i.Modbus_CRC16) for Modbus_CRC16
    sonar.o(i.Sonar_Send_Read_Cmd) refers to uart.o(i.RS485_SendData) for RS485_SendData
    sonar.o(i.vSonarPollingTask) refers to tasks.o(i.vTaskDelay) for vTaskDelay
    sonar.o(i.vSonarPollingTask) refers to memseta.o(.text) for __aeabi_memclr
    sonar.o(i.vSonarPollingTask) refers to sonar.o(i.Sonar_Send_Read_Cmd) for Sonar_Send_Read_Cmd
    sonar.o(i.vSonarPollingTask) refers to sonar.o(i.Sonar_Parse_Data) for Sonar_Parse_Data
    sonar.o(i.vSonarPollingTask) refers to printf1.o(i.__0printf$1) for __2printf
    sonar.o(i.vSonarPollingTask) refers to flash_eeprom.o(i.Flash_Write_Config) for Flash_Write_Config
    sonar.o(i.vSonarPollingTask) refers to uart.o(.data) for rs485_rx_len
    sonar.o(i.vSonarPollingTask) refers to uart.o(.bss) for rs485_rx_buf
    sonar.o(i.vSonarPollingTask) refers to sonar.o(.data) for .data
    sonar.o(i.vSonarPollingTask) refers to sonar.o(.bss) for .bss
    sonar.o(i.vSonarPollingTask) refers to flash_eeprom.o(.data) for need_save_flash
    sonar.o(i.vSonarPollingTask) refers to flash_eeprom.o(.bss) for sys_config
    uart.o(i.RS485_SendData) refers to gd32f10x_gpio.o(i.gpio_bit_set) for gpio_bit_set
    uart.o(i.RS485_SendData) refers to gd32f10x_usart.o(i.usart_data_transmit) for usart_data_transmit
    uart.o(i.RS485_SendData) refers to gd32f10x_usart.o(i.usart_flag_get) for usart_flag_get
    uart.o(i.RS485_SendData) refers to gd32f10x_gpio.o(i.gpio_bit_reset) for gpio_bit_reset
    uart.o(i.UART_Init) refers to gd32f10x_rcu.o(i.rcu_periph_clock_enable) for rcu_periph_clock_enable
    uart.o(i.UART_Init) refers to gd32f10x_gpio.o(i.gpio_init) for gpio_init
    uart.o(i.UART_Init) refers to gd32f10x_usart.o(i.usart_deinit) for usart_deinit
    uart.o(i.UART_Init) refers to gd32f10x_usart.o(i.usart_baudrate_set) for usart_baudrate_set
    uart.o(i.UART_Init) refers to gd32f10x_usart.o(i.usart_word_length_set) for usart_word_length_set
    uart.o(i.UART_Init) refers to gd32f10x_usart.o(i.usart_stop_bit_set) for usart_stop_bit_set
    uart.o(i.UART_Init) refers to gd32f10x_usart.o(i.usart_parity_config) for usart_parity_config
    uart.o(i.UART_Init) refers to gd32f10x_usart.o(i.usart_receive_config) for usart_receive_config
    uart.o(i.UART_Init) refers to gd32f10x_usart.o(i.usart_transmit_config) for usart_transmit_config
    uart.o(i.UART_Init) refers to gd32f10x_usart.o(i.usart_enable) for usart_enable
    uart.o(i.UART_Init) refers to gd32f10x_gpio.o(i.gpio_bit_reset) for gpio_bit_reset
    uart.o(i.UART_Init) refers to gd32f10x_misc.o(i.nvic_irq_enable) for nvic_irq_enable
    uart.o(i.UART_Init) refers to gd32f10x_usart.o(i.usart_interrupt_enable) for usart_interrupt_enable
    uart.o(i.USART2_IRQHandler) refers to gd32f10x_usart.o(i.usart_interrupt_flag_get) for usart_interrupt_flag_get
    uart.o(i.USART2_IRQHandler) refers to gd32f10x_usart.o(i.usart_flag_get) for usart_flag_get
    uart.o(i.USART2_IRQHandler) refers to gd32f10x_usart.o(i.usart_data_receive) for usart_data_receive
    uart.o(i.USART2_IRQHandler) refers to uart.o(.data) for .data
    uart.o(i.USART2_IRQHandler) refers to uart.o(.bss) for .bss
    uart.o(i.fputc) refers to gd32f10x_usart.o(i.usart_data_transmit) for usart_data_transmit
    uart.o(i.fputc) refers to gd32f10x_usart.o(i.usart_flag_get) for usart_flag_get
    flash_eeprom.o(i.Flash_Write_Config) refers to tasks.o(i.xTaskGetSchedulerState) for xTaskGetSchedulerState
    flash_eeprom.o(i.Flash_Write_Config) refers to port.o(i.vPortEnterCritical) for vPortEnterCritical
    flash_eeprom.o(i.Flash_Write_Config) refers to gd32f10x_fmc.o(i.fmc_unlock) for fmc_unlock
    flash_eeprom.o(i.Flash_Write_Config) refers to gd32f10x_fmc.o(i.fmc_flag_clear) for fmc_flag_clear
    flash_eeprom.o(i.Flash_Write_Config) refers to gd32f10x_fmc.o(i.fmc_page_erase) for fmc_page_erase
    flash_eeprom.o(i.Flash_Write_Config) refers to gd32f10x_fmc.o(i.fmc_word_program) for fmc_word_program
    flash_eeprom.o(i.Flash_Write_Config) refers to gd32f10x_fmc.o(i.fmc_lock) for fmc_lock
    flash_eeprom.o(i.Flash_Write_Config) refers to port.o(i.vPortExitCritical) for vPortExitCritical
[...]
    Removing gd32f10x_spi.o(i.spi_crc_on), (10 bytes).
    Removing gd32f10x_spi.o(i.spi_crc_polynomial_get), (6 bytes).
    Removing gd32f10x_spi.o(i.spi_crc_polynomial_set), (12 bytes).
    Removing gd32f10x_spi.o(i.spi_disable), (10 bytes).
    Removing gd32f10x_spi.o(i.spi_dma_disable), (20 bytes).
    Removing gd32f10x_spi.o(i.spi_dma_enable), (20 bytes).
    Removing gd32f10x_spi.o(i.spi_enable), (10 bytes).
    Removing gd32f10x_spi.o(i.spi_i2s_data_frame_format_config), (16 bytes).
    Removing gd32f10x_spi.o(i.spi_i2s_data_receive), (6 bytes).
    Removing gd32f10x_spi.o(i.spi_i2s_data_transmit), (4 bytes).
    Removing gd32f10x_spi.o(i.spi_i2s_deinit), (60 bytes).
    Removing gd32f10x_spi.o(i.spi_i2s_flag_get), (14 bytes).
    Removing gd32f10x_spi.o(i.spi_i2s_interrupt_disable), (8 bytes).
    Removing gd32f10x_spi.o(i.spi_i2s_interrupt_enable), (8 bytes).
    Removing gd32f10x_spi.o(i.spi_i2s_interrupt_flag_get), (80 bytes).
    Removing gd32f10x_spi.o(i.spi_init), (46 bytes).
    Removing gd32f10x_spi.o(i.spi_nss_internal_high), (10 bytes).
    Removing gd32f10x_spi.o(i.spi_nss_internal_low), (10 bytes).
    Removing gd32f10x_spi.o(i.spi_nss_output_disable), (10 bytes).
    Removing gd32f10x_spi.o(i.spi_nss_output_enable), (10 bytes).
    Removing gd32f10x_spi.o(i.spi_struct_para_init), (18 bytes).
    Removing gd32f10x_timer.o(.rev16_text), (4 bytes).
    Removing gd32f10x_timer.o(.revsh_text), (4 bytes).
    Removing gd32f10x_timer.o(i.timer_auto_reload_shadow_disable), (10 bytes).
    Removing gd32f10x_timer.o(i.timer_auto_reload_shadow_enable), (10 bytes).
    Removing gd32f10x_timer.o(i.timer_automatic_output_disable), (10 bytes).
    Removing gd32f10x_timer.o(i.timer_automatic_output_enable), (10 bytes).
    Removing gd32f10x_timer.o(i.timer_autoreload_value_config), (4 bytes).
    Removing gd32f10x_timer.o(i.timer_break_config), (32 bytes).
    Removing gd32f10x_timer.o(i.timer_break_disable), (10 bytes).
    Removing gd32f10x_timer.o(i.timer_break_enable), (10 bytes).
    Removing gd32f10x_timer.o(i.timer_break_struct_para_init), (18 bytes).
    Removing gd32f10x_timer.o(i.timer_channel_capture_value_register_read), (34 bytes).
    Removing gd32f10x_timer.o(i.timer_channel_complementary_output_polarity_config), (58 bytes).
    Removing gd32f10x_timer.o(i.timer_channel_complementary_output_state_config), (58 bytes).
    Removing gd32f10x_timer.o(i.timer_channel_control_shadow_config), (20 bytes).
    Removing gd32f10x_timer.o(i.timer_channel_control_shadow_update_config), (24 bytes).
    Removing gd32f10x_timer.o(i.timer_channel_dma_request_source_select), (26 bytes).
    Removing gd32f10x_timer.o(i.timer_channel_input_capture_prescaler_config), (78 bytes).
    Removing gd32f10x_timer.o(i.timer_channel_input_struct_para_init), (14 bytes).
    Removing gd32f10x_timer.o(i.timer_channel_output_clear_config), (78 bytes).
    Removing gd32f10x_timer.o(i.timer_channel_output_config), (468 bytes).
    Removing gd32f10x_timer.o(i.timer_channel_output_fast_config), (78 bytes).
    Removing gd32f10x_timer.o(i.timer_channel_output_mode_config), (78 bytes).
    Removing gd32f10x_timer.o(i.timer_channel_output_polarity_config), (78 bytes).
    Removing gd32f10x_timer.o(i.timer_channel_output_pulse_value_config), (30 bytes).
    Removing gd32f10x_timer.o(i.timer_channel_output_shadow_config), (78 bytes).
    Removing gd32f10x_timer.o(i.timer_channel_output_state_config), (78 bytes).
    Removing gd32f10x_timer.o(i.timer_channel_output_struct_para_init), (16 bytes).
    Removing gd32f10x_timer.o(i.timer_counter_alignment), (16 bytes).
    Removing gd32f10x_timer.o(i.timer_counter_down_direction), (10 bytes).
    Removing gd32f10x_timer.o(i.timer_counter_read), (4 bytes).
    Removing gd32f10x_timer.o(i.timer_counter_up_direction), (10 bytes).
    Removing gd32f10x_timer.o(i.timer_counter_value_config), (4 bytes).
    Removing gd32f10x_timer.o(i.timer_deinit), (116 bytes).
    Removing gd32f10x_timer.o(i.timer_disable), (10 bytes).
    Removing gd32f10x_timer.o(i.timer_dma_disable), (8 bytes).
    Removing gd32f10x_timer.o(i.timer_dma_enable), (8 bytes).
    Removing gd32f10x_timer.o(i.timer_dma_transfer_config), (22 bytes).
    Removing gd32f10x_timer.o(i.timer_enable), (10 bytes).
    Removing gd32f10x_timer.o(i.timer_event_software_generate), (8 bytes).
    Removing gd32f10x_timer.o(i.timer_external_clock_mode0_config), (26 bytes).
    Removing gd32f10x_timer.o(i.timer_external_clock_mode1_config), (18 bytes).
    Removing gd32f10x_timer.o(i.timer_external_clock_mode1_disable), (10 bytes).
    Removing gd32f10x_timer.o(i.timer_external_trigger_as_external_clock_config), (156 bytes).
    Removing gd32f10x_timer.o(i.timer_external_trigger_config), (28 bytes).
    Removing gd32f10x_timer.o(i.timer_flag_clear), (6 bytes).
    Removing gd32f10x_timer.o(i.timer_flag_get), (14 bytes).
    Removing gd32f10x_timer.o(i.timer_hall_mode_config), (26 bytes).
    Removing gd32f10x_timer.o(i.timer_init), (220 bytes).
    Removing gd32f10x_timer.o(i.timer_input_capture_config), (300 bytes).
    Removing gd32f10x_timer.o(i.timer_input_pwm_capture_config), (334 bytes).
    Removing gd32f10x_timer.o(i.timer_input_trigger_source_select), (16 bytes).
    Removing gd32f10x_timer.o(i.timer_internal_clock_config), (10 bytes).
    Removing gd32f10x_timer.o(i.timer_internal_trigger_as_external_clock_config), (26 bytes).
    Removing gd32f10x_timer.o(i.timer_interrupt_disable), (8 bytes).
    Removing gd32f10x_timer.o(i.timer_interrupt_enable), (8 bytes).
    Removing gd32f10x_timer.o(i.timer_interrupt_flag_clear), (6 bytes).
    Removing gd32f10x_timer.o(i.timer_interrupt_flag_get), (22 bytes).
    Removing gd32f10x_timer.o(i.timer_master_output_trigger_source_select), (16 bytes).
    Removing gd32f10x_timer.o(i.timer_master_slave_mode_config), (26 bytes).
    Removing gd32f10x_timer.o(i.timer_prescaler_config), (16 bytes).
    Removing gd32f10x_timer.o(i.timer_prescaler_read), (6 bytes).
    Removing gd32f10x_timer.o(i.timer_primary_output_config), (20 bytes).
    Removing gd32f10x_timer.o(i.timer_quadrature_decoder_mode_config), (64 bytes).
    Removing gd32f10x_timer.o(i.timer_repetition_value_config), (4 bytes).
    Removing gd32f10x_timer.o(i.timer_single_pulse_mode_config), (26 bytes).
    Removing gd32f10x_timer.o(i.timer_slave_mode_select), (16 bytes).
    Removing gd32f10x_timer.o(i.timer_struct_para_init), (20 bytes).
    Removing gd32f10x_timer.o(i.timer_update_event_disable), (10 bytes).
    Removing gd32f10x_timer.o(i.timer_update_event_enable), (10 bytes).
    Removing gd32f10x_timer.o(i.timer_update_source_config), (26 bytes).
    Removing gd32f10x_usart.o(.rev16_text), (4 bytes).
    Removing gd32f10x_usart.o(.revsh_text), (4 bytes).
    Removing gd32f10x_usart.o(i.usart_address_config), (20 bytes).
    Removing gd32f10x_usart.o(i.usart_disable), (10 bytes).
    Removing gd32f10x_usart.o(i.usart_dma_receive_config), (20 bytes).
    Removing gd32f10x_usart.o(i.usart_dma_transmit_config), (20 bytes).
    Removing gd32f10x_usart.o(i.usart_flag_clear), (18 bytes).
    Removing gd32f10x_usart.o(i.usart_guard_time_config), (18 bytes).
    Removing gd32f10x_usart.o(i.usart_halfduplex_disable), (10 bytes).
    Removing gd32f10x_usart.o(i.usart_halfduplex_enable), (10 bytes).
    Removing gd32f10x_usart.o(i.usart_hardware_flow_cts_config), (20 bytes).
    Removing gd32f10x_usart.o(i.usart_hardware_flow_rts_config), (20 bytes).
    Removing gd32f10x_usart.o(i.usart_interrupt_disable), (22 bytes).
    Removing gd32f10x_usart.o(i.usart_interrupt_flag_clear), (18 bytes).
    Removing gd32f10x_usart.o(i.usart_irda_lowpower_config), (20 bytes).
    Removing gd32f10x_usart.o(i.usart_irda_mode_disable), (10 bytes).
    Removing gd32f10x_usart.o(i.usart_irda_mode_enable), (10 bytes).
    Removing gd32f10x_usart.o(i.usart_lin_break_detection_length_config), (20 bytes).
    Removing gd32f10x_usart.o(i.usart_lin_mode_disable), (10 bytes).
    Removing gd32f10x_usart.o(i.usart_lin_mode_enable), (10 bytes).
    Removing gd32f10x_usart.o(i.usart_mute_mode_disable), (10 bytes).
    Removing gd32f10x_usart.o(i.usart_mute_mode_enable), (10 bytes).
    Removing gd32f10x_usart.o(i.usart_mute_mode_wakeup_config), (16 bytes).
    Removing gd32f10x_usart.o(i.usart_prescaler_config), (16 bytes).
    Removing gd32f10x_usart.o(i.usart_send_break), (10 bytes).
    Removing gd32f10x_usart.o(i.usart_smartcard_mode_disable), (10 bytes).
    Removing gd32f10x_usart.o(i.usart_smartcard_mode_enable), (10 bytes).
    Removing gd32f10x_usart.o(i.usart_smartcard_mode_nack_disable), (10 bytes).
    Removing gd32f10x_usart.o(i.usart_smartcard_mode_nack_enable), (10 bytes).
    Removing gd32f10x_usart.o(i.usart_synchronous_clock_config), (34 bytes).
    Removing gd32f10x_usart.o(i.usart_synchronous_clock_disable), (10 bytes).
    Removing gd32f10x_usart.o(i.usart_synchronous_clock_enable), (10 bytes).
    Removing gd32f10x_misc.o(.rev16_text), (4 bytes).
    Removing gd32f10x_misc.o(.revsh_text), (4 bytes).
    Removing gd32f10x_misc.o(i.nvic_irq_disable), (22 bytes).
    Removing gd32f10x_misc.o(i.system_lowpower_reset), (16 bytes).
    Removing gd32f10x_misc.o(i.system_lowpower_set), (16 bytes).
    Removing gd32f10x_misc.o(i.systick_clksource_set), (24 bytes).
    Removing gd32f10x_rcu.o(.rev16_text), (4 bytes).
    Removing gd32f10x_rcu.o(.revsh_text), (4 bytes).
    Removing gd32f10x_rcu.o(i.rcu_adc_clock_config), (56 bytes).
    Removing gd32f10x_rcu.o(i.rcu_ahb_clock_config), (20 bytes).
    Removing gd32f10x_rcu.o(i.rcu_all_reset_flag_clear), (16 bytes).
    Removing gd32f10x_rcu.o(i.rcu_apb1_clock_config), (20 bytes).
    Removing gd32f10x_rcu.o(i.rcu_apb2_clock_config), (20 bytes).
    Removing gd32f10x_rcu.o(i.rcu_bkp_reset_disable), (16 bytes).
    Removing gd32f10x_rcu.o(i.rcu_bkp_reset_enable), (16 bytes).
    Removing gd32f10x_rcu.o(i.rcu_ckout0_config), (20 bytes).
    Removing gd32f10x_rcu.o(i.rcu_deepsleep_voltage_set), (16 bytes).
    Removing gd32f10x_rcu.o(i.rcu_deinit), (72 bytes).
    Removing gd32f10x_rcu.o(i.rcu_flag_get), (32 bytes).
    Removing gd32f10x_rcu.o(i.rcu_hxtal_clock_monitor_disable), (16 bytes).
    Removing gd32f10x_rcu.o(i.rcu_hxtal_clock_monitor_enable), (16 bytes).
    Removing gd32f10x_rcu.o(i.rcu_interrupt_disable), (28 bytes).
    Removing gd32f10x_rcu.o(i.rcu_interrupt_enable), (28 bytes).
    Removing gd32f10x_rcu.o(i.rcu_interrupt_flag_clear), (28 bytes).
    Removing gd32f10x_rcu.o(i.rcu_interrupt_flag_get), (32 bytes).
    Removing gd32f10x_rcu.o(i.rcu_irc8m_adjust_value_set), (24 bytes).
    Removing gd32f10x_rcu.o(i.rcu_osci_bypass_mode_disable), (64 bytes).
    Removing gd32f10x_rcu.o(i.rcu_osci_bypass_mode_enable), (64 bytes).
    Removing gd32f10x_rcu.o(i.rcu_osci_off), (28 bytes).
    Removing gd32f10x_rcu.o(i.rcu_osci_on), (28 bytes).
    Removing gd32f10x_rcu.o(i.rcu_osci_stab_wait), (176 bytes).
    Removing gd32f10x_rcu.o(i.rcu_periph_clock_disable), (28 bytes).
    Removing gd32f10x_rcu.o(i.rcu_periph_clock_sleep_disable), (28 bytes).
    Removing gd32f10x_rcu.o(i.rcu_periph_clock_sleep_enable), (28 bytes).
    Removing gd32f10x_rcu.o(i.rcu_pll_config), (28 bytes).
    Removing gd32f10x_rcu.o(i.rcu_predv0_config), (24 bytes).
    Removing gd32f10x_rcu.o(i.rcu_rtc_clock_config), (20 bytes).
    Removing gd32f10x_rcu.o(i.rcu_system_clock_source_config), (20 bytes).
    Removing gd32f10x_rcu.o(i.rcu_system_clock_source_get), (16 bytes).
    Removing gd32f10x_rcu.o(i.rcu_usb_clock_config), (20 bytes).
    Removing gd32f10x_fmc.o(.rev16_text), (4 bytes).
    Removing gd32f10x_fmc.o(.revsh_text), (4 bytes).
    Removing gd32f10x_fmc.o(i.fmc_bank0_erase), (56 bytes).
    Removing gd32f10x_fmc.o(i.fmc_bank0_lock), (16 bytes).
    Removing gd32f10x_fmc.o(i.fmc_bank0_unlock), (32 bytes).
    Removing gd32f10x_fmc.o(i.fmc_bank1_erase), (56 bytes).
    Removing gd32f10x_fmc.o(i.fmc_bank1_lock), (16 bytes).
    Removing gd32f10x_fmc.o(i.fmc_bank1_unlock), (32 bytes).
    Removing gd32f10x_fmc.o(i.fmc_flag_get), (32 bytes).
    Removing gd32f10x_fmc.o(i.fmc_halfword_program), (112 bytes).
    Removing gd32f10x_fmc.o(i.fmc_interrupt_disable), (28 bytes).
    Removing gd32f10x_fmc.o(i.fmc_interrupt_enable), (28 bytes).
    Removing gd32f10x_fmc.o(i.fmc_interrupt_flag_clear), (28 bytes).
    Removing gd32f10x_fmc.o(i.fmc_interrupt_flag_get), (64 bytes).
    Removing gd32f10x_fmc.o(i.fmc_mass_erase), (148 bytes).
    Removing gd32f10x_fmc.o(i.fmc_wscnt_set), (20 bytes).
    Removing gd32f10x_fmc.o(i.ob_data_get), (16 bytes).
    Removing gd32f10x_fmc.o(i.ob_data_program), (56 bytes).
    Removing gd32f10x_fmc.o(i.ob_erase), (108 bytes).
    Removing gd32f10x_fmc.o(i.ob_lock), (16 bytes).
    Removing gd32f10x_fmc.o(i.ob_security_protection_config), (104 bytes).
    Removing gd32f10x_fmc.o(i.ob_spc_get), (20 bytes).
    Removing gd32f10x_fmc.o(i.ob_unlock), (36 bytes).
    Removing gd32f10x_fmc.o(i.ob_user_get), (16 bytes).
    Removing gd32f10x_fmc.o(i.ob_user_write), (84 bytes).
    Removing gd32f10x_fmc.o(i.ob_write_protection_enable), (136 bytes).
    Removing gd32f10x_fmc.o(i.ob_write_protection_get), (12 bytes).
    Removing system_gd32f10x.o(.rev16_text), (4 bytes).
    Removing system_gd32f10x.o(.revsh_text), (4 bytes).
    Removing system_gd32f10x.o(i.SystemCoreClockUpdate), (140 bytes).
    Removing system_gd32f10x.o(i.gd32f10x_firmware_version_get), (8 bytes).
    Removing startup_gd32f10x_md.o(HEAP), (512 bytes).
    Removing event_groups.o(.rev16_text), (4 bytes).
    Removing event_groups.o(.revsh_text), (4 bytes).
    Removing event_groups.o(i.prvTestWaitCondition), (20 bytes).
    Removing event_groups.o(i.vEventGroupClearBitsCallback), (4 bytes).
    Removing event_groups.o(i.vEventGroupDelete), (44 bytes).
    Removing event_groups.o(i.vEventGroupSetBitsCallback), (4 bytes).
    Removing event_groups.o(i.xEventGroupClearBits), (26 bytes).
    Removing event_groups.o(i.xEventGroupCreate), (26 bytes).
    Removing event_groups.o(i.xEventGroupGetBitsFromISR), (26 bytes).
    Removing event_groups.o(i.xEventGroupSetBits), (100 bytes).
    Removing event_groups.o(i.xEventGroupSync), (140 bytes).
    Removing event_groups.o(i.xEventGroupWaitBits), (176 bytes).
    Removing heap_4.o(.rev16_text), (4 bytes).
    Removing heap_4.o(.revsh_text), (4 bytes).
    Removing heap_4.o(i.pvPortCalloc), (38 bytes).
    Removing heap_4.o(i.vPortGetHeapStats), (108 bytes).
    Removing heap_4.o(i.vPortHeapResetState), (20 bytes).
    Removing heap_4.o(i.vPortInitialiseBlocks), (2 bytes).
    Removing heap_4.o(i.xPortGetFreeHeapSize), (12 bytes).
    Removing heap_4.o(i.xPortGetMinimumEverFreeHeapSize), (12 bytes).
    Removing list.o(.rev16_text), (4 bytes).
    Removing list.o(.revsh_text), (4 bytes).
    Removing list.o(i.vListInsertEnd), (24 bytes).
    Removing port.o(.rev16_text), (4 bytes).
    Removing port.o(.revsh_text), (4 bytes).
    Removing port.o(i.vPortEndScheduler), (2 bytes).
    Removing queue.o(.rev16_text), (4 bytes).
    Removing queue.o(.revsh_text), (4 bytes).
    Removing queue.o(i.pcQueueGetName), (40 bytes).
    Removing queue.o(i.uxQueueGetQueueItemSize), (4 bytes).
    Removing queue.o(i.uxQueueGetQueueLength), (4 bytes).
    Removing queue.o(i.uxQueueMessagesWaiting), (18 bytes).
    Removing queue.o(i.uxQueueMessagesWaitingFromISR), (4 bytes).
    Removing queue.o(i.uxQueueSpacesAvailable), (22 bytes).
    Removing queue.o(i.vQueueDelete), (18 bytes).
    Removing queue.o(i.vQueueUnregisterQueue), (40 bytes).
    Removing queue.o(i.xQueueAddToSet), (34 bytes).
    Removing queue.o(i.xQueueCreateCountingSemaphore), (34 bytes).
    Removing queue.o(i.xQueueCreateMutex), (36 bytes).
    Removing queue.o(i.xQueueCreateSet), (8 bytes).
    Removing queue.o(i.xQueueGenericSend), (276 bytes).
    Removing queue.o(i.xQueueGenericSendFromISR), (142 bytes).
    Removing queue.o(i.xQueueGiveFromISR), (114 bytes).
    Removing queue.o(i.xQueueGiveMutexRecursive), (42 bytes).
    Removing queue.o(i.xQueueIsQueueEmptyFromISR), (12 bytes).
    Removing queue.o(i.xQueueIsQueueFullFromISR), (16 bytes).
    Removing queue.o(i.xQueuePeek), (232 bytes).
    Removing queue.o(i.xQueuePeekFromISR), (44 bytes).
    Removing queue.o(i.xQueueReceiveFromISR), (108 bytes).
    Removing queue.o(i.xQueueRemoveFromSet), (34 bytes).
    Removing queue.o(i.xQueueSelectFromSet), (18 bytes).
    Removing queue.o(i.xQueueSelectFromSetFromISR), (18 bytes).
    Removing queue.o(i.xQueueSemaphoreTake), (296 bytes).
    Removing queue.o(i.xQueueTakeMutexRecursive), (46 bytes).
    Removing tasks.o(.rev16_text), (4 bytes).
    Removing tasks.o(.revsh_text), (4 bytes).
    Removing tasks.o(i.eTaskGetState), (112 bytes).
    Removing tasks.o(i.pcTaskGetName), (16 bytes).
    Removing tasks.o(i.prvSearchForNameWithinSingleList), (60 bytes).
    Removing tasks.o(i.prvTaskIsTaskSuspended), (40 bytes).
    Removing tasks.o(i.pvTaskIncrementMutexHeldCount), (20 bytes).
    Removing tasks.o(i.ulTaskGenericNotifyTake), (156 bytes).
    Removing tasks.o(i.ulTaskGenericNotifyValueClear), (48 bytes).
    Removing tasks.o(i.uxTaskBasePriorityGet), (28 bytes).
    Removing tasks.o(i.uxTaskBasePriorityGetFromISR), (36 bytes).
    Removing tasks.o(i.uxTaskGetStackHighWaterMark), (32 bytes).
    Removing tasks.o(i.uxTaskPriorityGet), (28 bytes).
    Removing tasks.o(i.uxTaskPriorityGetFromISR), (36 bytes).
    Removing tasks.o(i.uxTaskResetEventItemValue), (24 bytes).
    Removing tasks.o(i.vTaskDelete), (140 bytes).
    Removing tasks.o(i.vTaskEndScheduler), (56 bytes).
    Removing tasks.o(i.vTaskGenericNotifyGiveFromISR), (216 bytes).
    Removing tasks.o(i.vTaskPlaceOnUnorderedEventList), (64 bytes).
    Removing tasks.o(i.vTaskPriorityDisinheritAfterTimeout), (136 bytes).
    Removing tasks.o(i.vTaskPrioritySet), (200 bytes).
    Removing tasks.o(i.vTaskRemoveFromUnorderedEventList), (164 bytes).
    Removing tasks.o(i.vTaskResetState), (40 bytes).
    Removing tasks.o(i.vTaskResume), (148 bytes).
    Removing tasks.o(i.vTaskSetApplicationTaskTag), (32 bytes).
    Removing tasks.o(i.vTaskSetTimeOutState), (32 bytes).
    Removing tasks.o(i.vTaskSuspend), (136 bytes).
    Removing tasks.o(i.xTaskAbortDelay), (160 bytes).
    Removing tasks.o(i.xTaskCallApplicationTaskHook), (24 bytes).
    Removing tasks.o(i.xTaskCatchUpTicks), (36 bytes).
    Removing tasks.o(i.xTaskDelayUntil), (88 bytes).
    Removing tasks.o(i.xTaskGenericNotify), (244 bytes).
    Removing tasks.o(i.xTaskGenericNotifyFromISR), (292 bytes).
    Removing tasks.o(i.xTaskGenericNotifyStateClear), (52 bytes).
    Removing tasks.o(i.xTaskGenericNotifyWait), (192 bytes).
    Removing tasks.o(i.xTaskGetApplicationTaskTag), (32 bytes).
    Removing tasks.o(i.xTaskGetApplicationTaskTagFromISR), (36 bytes).
    Removing tasks.o(i.xTaskGetCurrentTaskHandle), (12 bytes).
    Removing tasks.o(i.xTaskGetCurrentTaskHandleForCore), (20 bytes).
    Removing tasks.o(i.xTaskGetHandle), (108 bytes).
    Removing tasks.o(i.xTaskGetIdleTaskHandle), (12 bytes).
    Removing tasks.o(i.xTaskGetIdleTaskHandleForCore), (12 bytes).
    Removing tasks.o(i.xTaskGetTickCountFromISR), (12 bytes).
    Removing tasks.o(i.xTaskPriorityInherit), (160 bytes).
    Removing tasks.o(i.xTaskResumeFromISR), (160 bytes).
    Removing timers.o(.rev16_text), (4 bytes).
    Removing timers.o(.revsh_text), (4 bytes).
    Removing timers.o(i.pcTimerGetName), (4 bytes).
    Removing timers.o(i.pvTimerGetTimerID), (18 bytes).
    Removing timers.o(i.uxTimerGetReloadMode), (4 bytes).
    Removing timers.o(i.vTimerResetState), (16 bytes).
    Removing timers.o(i.vTimerSetReloadMode), (36 bytes).
    Removing timers.o(i.vTimerSetTimerID), (20 bytes).
    Removing timers.o(i.xTimerCreate), (74 bytes).
    Removing timers.o(i.xTimerGenericCommandFromISR), (44 bytes).
    Removing timers.o(i.xTimerGenericCommandFromTask), (60 bytes).
    Removing timers.o(i.xTimerGetExpiryTime), (4 bytes).
    Removing timers.o(i.xTimerGetPeriod), (4 bytes).
    Removing timers.o(i.xTimerGetReloadMode), (30 bytes).
    Removing timers.o(i.xTimerGetTimerDaemonTaskHandle), (12 bytes).
    Removing timers.o(i.xTimerIsTimerActive), (32 bytes).
    Removing timers.o(i.xTimerPendFunctionCall), (40 bytes).
    Removing timers.o(i.xTimerPendFunctionCallFromISR), (40 bytes).
    Removing dadd.o(.text), (334 bytes).
    Removing dmul.o(.text), (228 bytes).
    Removing ddiv.o(.text), (222 bytes).
    Removing dfixul.o(.text), (48 bytes).
    Removing cdrcmple.o(.text), (48 bytes).
    Removing depilogue.o(.text), (186 bytes).

496 unused section(s) (total 19046 bytes) removed from the image.

==============================================================================

Image Symbol Table

    Local Symbols

    Symbol Name                              Value     Ov Type        Size  Object(Section)

    ../clib/microlib/division.c              0x00000000   Number         0  uldiv.o ABSOLUTE
    ../clib/microlib/division.c              0x00000000   Number         0  uidiv.o ABSOLUTE
    ../clib/microlib/init/entry.s            0x00000000   Number         0  entry2.o ABSOLUTE
    ../clib/microlib/init/entry.s            0x00000000   Number         0  entry.o ABSOLUTE
    ../clib/microlib/init/entry.s            0x00000000   Number         0  entry8a.o ABSOLUTE
    ../clib/microlib/init/entry.s            0x00000000   Number         0  entry8b.o ABSOLUTE
    ../clib/microlib/init/entry.s            0x00000000   Number         0  entry9a.o ABSOLUTE
    ../clib/microlib/init/entry.s            0x00000000   Number         0  entry9b.o ABSOLUTE
    ../clib/microlib/init/entry.s            0x00000000   Number         0  entry5.o ABSOLUTE
    ../clib/microlib/init/entry.s            0x00000000   Number         0  entry7a.o ABSOLUTE
    ../clib/microlib/init/entry.s            0x00000000   Number         0  entry7b.o ABSOLUTE
    ../clib/microlib/init/entry.s            0x00000000   Number         0  entry10a.o ABSOLUTE
    ../clib/microlib/init/entry.s            0x00000000   Number         0  entry10b.o ABSOLUTE
    ../clib/microlib/init/entry.s            0x00000000   Number         0  entry11a.o ABSOLUTE
    ../clib/microlib/init/entry.s            0x00000000   Number         0  entry11b.o ABSOLUTE
    ../clib/microlib/longlong.c              0x00000000   Number         0  llsshr.o ABSOLUTE
    ../clib/microlib/longlong.c              0x00000000   Number         0  llushr.o ABSOLUTE
    ../clib/microlib/longlong.c              0x00000000   Number         0  llshl.o ABSOLUTE
    ../clib/microlib/printf/printf.c         0x00000000   Number         0  printf0.o ABSOLUTE
    ../clib/microlib/printf/printf.c         0x00000000   Number         0  printf3.o ABSOLUTE
    ../clib/microlib/printf/printf.c         0x00000000   Number         0  printfb.o ABSOLUTE
    ../clib/microlib/printf/printf.c         0x00000000   Number         0  printf7.o ABSOLUTE
    ../clib/microlib/printf/printf.c         0x00000000   Number         0  printf2.o ABSOLUTE
    ../clib/microlib/printf/printf.c         0x00000000   Number         0  printf8.o ABSOLUTE
    ../clib/microlib/printf/printf.c         0x00000000   Number         0  printfa.o ABSOLUTE
    ../clib/microlib/printf/printf.c         0x00000000   Number         0  printf4.o ABSOLUTE
    ../clib/microlib/printf/printf.c         0x00000000   Number         0  printf1.o ABSOLUTE
    ../clib/microlib/printf/printf.c         0x00000000   Number         0  printf6.o ABSOLUTE
    ../clib/microlib/printf/printf.c         0x00000000   Number         0  printf5.o ABSOLUTE
    ../clib/microlib/printf/stubs.s          0x00000000   Number         0  stubs.o ABSOLUTE
    ../clib/microlib/stdio/streams.c         0x00000000   Number         0  stdout.o ABSOLUTE
    ../clib/microlib/string/memcpy.c         0x00000000   Number         0  memcpyb.o ABSOLUTE
    ../clib/microlib/string/memcpy.c         0x00000000   Number         0  memcpya.o ABSOLUTE
    ../clib/microlib/string/memset.c         0x00000000   Number         0  memseta.o ABSOLUTE
    ../clib/microlib/stubs.s                 0x00000000   Number         0  iusefp.o ABSOLUTE
    ../fplib/microlib/fpadd.c                0x00000000   Number         0  dadd.o ABSOLUTE
    ../fplib/microlib/fpdiv.c                0x00000000   Number         0  ddiv.o ABSOLUTE
    ../fplib/microlib/fpepilogue.c           0x00000000   Number         0  depilogue.o ABSOLUTE
    ../fplib/microlib/fpfix.c                0x00000000   Number         0  dfixul.o ABSOLUTE
    ../fplib/microlib/fpmul.c                0x00000000   Number         0  dmul.o ABSOLUTE
    ..\Firmware\CMSIS\GD\GD32F10x\Source\ARM\startup_gd32f10x_md.s 0x00000000   Number         0  startup_gd32f10x_md.o ABSOLUTE
    ..\Firmware\CMSIS\GD\GD32F10x\Source\system_gd32f10x.c 0x00000000   Number         0  system_gd32f10x.o ABSOLUTE
    ..\Firmware\GD32F10x_standard_peripheral\Source\gd32f10x_adc.c 0x00000000   Number         0  gd32f10x_adc.o ABSOLUTE
    ..\Firmware\GD32F10x_standard_peripheral\Source\gd32f10x_crc.c 0x00000000   Number         0  gd32f10x_crc.o ABSOLUTE
    ..\Firmware\GD32F10x_standard_peripheral\Source\gd32f10x_dma.c 0x00000000   Number         0  gd32f10x_dma.o ABSOLUTE
    ..\Firmware\GD32F10x_standard_peripheral\Source\gd32f10x_exti.c 0x00000000   Number         0  gd32f10x_exti.o ABSOLUTE
    ..\Firmware\GD32F10x_standard_peripheral\Source\gd32f10x_fmc.c 0x00000000   Number         0  gd32f10x_fmc.o ABSOLUTE
    ..\Firmware\GD32F10x_standard_peripheral\Source\gd32f10x_gpio.c 0x00000000   Number         0  gd32f10x_gpio.o ABSOLUTE
    ..\Firmware\GD32F10x_standard_peripheral\Source\gd32f10x_i2c.c 0x00000000   Number         0  gd32f10x_i2c.o ABSOLUTE
    ..\Firmware\GD32F10x_standard_peripheral\Source\gd32f10x_misc.c 0x00000000   Number         0  gd32f10x_misc.o ABSOLUTE
    ..\Firmware\GD32F10x_standard_peripheral\Source\gd32f10x_rcu.c 0x00000000   Number         0  gd32f10x_rcu.o ABSOLUTE
    ..\Firmware\GD32F10x_standard_peripheral\Source\gd32f10x_rtc.c 0x00000000   Number         0  gd32f10x_rtc.o ABSOLUTE
    ..\Firmware\GD32F10x_standard_peripheral\Source\gd32f10x_spi.c 0x00000000   Number         0  gd32f10x_spi.o ABSOLUTE
    ..\Firmware\GD32F10x_standard_peripheral\Source\gd32f10x_timer.c 0x00000000   Number         0  gd32f10x_timer.o ABSOLUTE
    ..\Firmware\GD32F10x_standard_peripheral\Source\gd32f10x_usart.c 0x00000000   Number         0  gd32f10x_usart.o ABSOLUTE
    ..\FreeRTOS\source\event_groups.c        0x00000000   Number         0  event_groups.o ABSOLUTE
    ..\FreeRTOS\source\heap_4.c              0x00000000   Number         0  heap_4.o ABSOLUTE
    ..\FreeRTOS\source\list.c                0x00000000   Number         0  list.o ABSOLUTE
    ..\FreeRTOS\source\port.c                0x00000000   Number         0  port.o ABSOLUTE
    ..\FreeRTOS\source\queue.c               0x00000000   Number         0  queue.o ABSOLUTE
    ..\FreeRTOS\source\tasks.c               0x00000000   Number         0  tasks.o ABSOLUTE
    ..\FreeRTOS\source\timers.c              0x00000000   Number         0  timers.o ABSOLUTE
    ..\Hardware\flash_eeprom.c               0x00000000   Number         0  flash_eeprom.o ABSOLUTE
    ..\Hardware\sonar.c                      0x00000000   Number         0  sonar.o ABSOLUTE
    ..\Hardware\uart.c                       0x00000000   Number         0  uart.o ABSOLUTE
    ..\User\gd32f10x_it.c                    0x00000000   Number         0  gd32f10x_it.o ABSOLUTE
    ..\User\main.c                           0x00000000   Number         0  main.o ABSOLUTE
    ..\\Firmware\\CMSIS\\GD\\GD32F10x\\Source\\system_gd32f10x.c 0x00000000   Number         0  system_gd32f10x.o ABSOLUTE
    ..\\Firmware\\GD32F10x_standard_peripheral\\Source\\gd32f10x_adc.c 0x00000000   Number         0  gd32f10x_adc.o ABSOLUTE
    ..\\Firmware\\GD32F10x_standard_peripheral\\Source\\gd32f10x_crc.c 0x00000000   Number         0  gd32f10x_crc.o ABSOLUTE
    ..\\Firmware\\GD32F10x_standard_peripheral\\Source\\gd32f10x_dma.c 0x00000000   Number         0  gd32f10x_dma.o ABSOLUTE
    ..\\Firmware\\GD32F10x_standard_peripheral\\Source\\gd32f10x_exti.c 0x00000000   Number         0  gd32f10x_exti.o ABSOLUTE
    ..\\Firmware\\GD32F10x_standard_peripheral\\Source\\gd32f10x_fmc.c 0x00000000   Number         0  gd32f10x_fmc.o ABSOLUTE
    ..\\Firmware\\GD32F10x_standard_peripheral\\Source\\gd32f10x_gpio.c 0x00000000   Number         0  gd32f10x_gpio.o ABSOLUTE
    ..\\Firmware\\GD32F10x_standard_peripheral\\Source\\gd32f10x_i2c.c 0x00000000   Number         0  gd32f10x_i2c.o ABSOLUTE
    ..\\Firmware\\GD32F10x_standard_peripheral\\Source\\gd32f10x_misc.c 0x00000000   Number         0  gd32f10x_misc.o ABSOLUTE
    ..\\Firmware\\GD32F10x_standard_peripheral\\Source\\gd32f10x_rcu.c 0x00000000   Number         0  gd32f10x_rcu.o ABSOLUTE
    ..\\Firmware\\GD32F10x_standard_peripheral\\Source\\gd32f10x_rtc.c 0x00000000   Number         0  gd32f10x_rtc.o ABSOLUTE
    ..\\Firmware\\GD32F10x_standard_peripheral\\Source\\gd32f10x_spi.c 0x00000000   Number         0  gd32f10x_spi.o ABSOLUTE
    ..\\Firmware\\GD32F10x_standard_peripheral\\Source\\gd32f10x_timer.c 0x00000000   Number         0  gd32f10x_timer.o ABSOLUTE
    ..\\Firmware\\GD32F10x_standard_peripheral\\Source\\gd32f10x_usart.c 0x00000000   Number         0  gd32f10x_usart.o ABSOLUTE
    ..\\FreeRTOS\\source\\event_groups.c     0x00000000   Number         0  event_groups.o ABSOLUTE
    ..\\FreeRTOS\\source\\heap_4.c           0x00000000   Number         0  heap_4.o ABSOLUTE
    ..\\FreeRTOS\\source\\list.c             0x00000000   Number         0  list.o ABSOLUTE
    ..\\FreeRTOS\\source\\port.c             0x00000000   Number         0  port.o ABSOLUTE
    ..\\FreeRTOS\\source\\queue.c            0x00000000   Number         0  queue.o ABSOLUTE
    ..\\FreeRTOS\\source\\tasks.c            0x00000000   Number         0  tasks.o ABSOLUTE
    ..\\FreeRTOS\\source\\timers.c           0x00000000   Number         0  timers.o ABSOLUTE
    ..\\Hardware\\flash_eeprom.c             0x00000000   Number         0  flash_eeprom.o ABSOLUTE
    ..\\Hardware\\sonar.c                    0x00000000   Number         0  sonar.o ABSOLUTE
    ..\\Hardware\\uart.c                     0x00000000   Number         0  uart.o ABSOLUTE
    ..\\User\\gd32f10x_it.c                  0x00000000   Number         0  gd32f10x_it.o ABSOLUTE
    ..\\User\\main.c                         0x00000000   Number         0  main.o ABSOLUTE
    cdrcmple.s                               0x00000000   Number         0  cdrcmple.o ABSOLUTE
    dc.s                                     0x00000000   Number         0  dc.o ABSOLUTE
    handlers.s                               0x00000000   Number         0  handlers.o ABSOLUTE
    init.s                                   0x00000000   Number         0  init.o ABSOLUTE
    RESET                                    0x08000000   Section      260  startup_gd32f10x_md.o(RESET)
    .ARM.Collect$$$$00000000                 0x08000104   Section        0  entry.o(.ARM.Collect$$$$00000000)
    .ARM.Collect$$$$00000001                 0x08000104   Section        4  entry2.o(.ARM.Collect$$$$00000001)
    .ARM.Collect$$$$00000004                 0x08000108   Section        4  entry5.o(.ARM.Collect$$$$00000004)
    .ARM.Collect$$$$00000008                 0x0800010c   Section        0  entry7b.o(.ARM.Collect$$$$00000008)
    .ARM.Collect$$$$0000000A                 0x0800010c   Section        0  entry8b.o(.ARM.Collect$$$$0000000A)
    .ARM.Collect$$$$0000000B                 0x0800010c   Section        8  entry9a.o(.ARM.Collect$$$$0000000B)
    .ARM.Collect$$$$0000000D                 0x08000114   Section        0  entry10a.o(.ARM.Collect$$$$0000000D)
    .ARM.Collect$$$$0000000F                 0x08000114   Section        0  entry11a.o(.ARM.Collect$$$$0000000F)
    .ARM.Collect$$$$00002712                 0x08000114   Section        4  entry2.o(.ARM.Collect$$$$00002712)
    __lit__00000000                          0x08000114   Data           4  entry2.o(.ARM.Collect$$$$00002712)
    .emb_text                                0x08000118   Section      150  port.o(.emb_text)
    .text                                    0x080001b0   Section       36  startup_gd32f10x_md.o(.text)
    .text                                    0x080001d4   Section        0  memcpya.o(.text)
    .text                                    0x080001f8   Section        0  memseta.o(.text)
    .text                                    0x0800021c   Section        0  uidiv.o(.text)
    .text                                    0x08000248   Section       36  init.o(.text)
    i.BusFault_Handler                       0x0800026c   Section        0  gd32f10x_it.o(i.BusFault_Handler)
    i.DebugMon_Handler                       0x0800026e   Section        0  gd32f10x_it.o(i.DebugMon_Handler)
    i.Flash_Write_Config                     0x08000270   Section        0  flash_eeprom.o(i.Flash_Write_Config)
    i.HardFault_Handler                      0x080002e8   Section        0  gd32f10x_it.o(i.HardFault_Handler)
    i.MemManage_Handler                      0x080002ea   Section        0  gd32f10x_it.o(i.MemManage_Handler)
    i.Modbus_CRC16                           0x080002ec   Section        0  sonar.o(i.Modbus_CRC16)
    i.NMI_Handler                            0x0800031c   Section        0  gd32f10x_it.o(i.NMI_Handler)
    i.RS485_SendData                         0x08000320   Section        0  uart.o(i.RS485_SendData)
    i.Sonar_Parse_Data                       0x08000378   Section        0  sonar.o(i.Sonar_Parse_Data)
    i.Sonar_Send_Read_Cmd                    0x080003e6   Section        0  sonar.o(i.Sonar_Send_Read_Cmd)
    i.SysTick_Handler                        0x08000424   Section        0  port.o(i.SysTick_Handler)
    i.SystemInit                             0x08000450   Section        0  system_gd32f10x.o(i.SystemInit)
    i.UART_Init                              0x0800051c   Section        0  uart.o(i.UART_Init)
    i.USART2_IRQHandler                      0x08000638   Section        0  uart.o(i.USART2_IRQHandler)
    i.UsageFault_Handler                     0x08000680   Section        0  gd32f10x_it.o(i.UsageFault_Handler)
    i.__0printf$1                            0x08000684   Section        0  printf1.o(i.__0printf$1)
    i.__scatterload_copy                     0x080006a4   Section       14  handlers.o(i.__scatterload_copy)
    i.__scatterload_null                     0x080006b2   Section        2  handlers.o(i.__scatterload_null)
    i.__scatterload_zeroinit                 0x080006b4   Section       14  handlers.o(i.__scatterload_zeroinit)
    i._printf_core                           0x080006c4   Section        0  printf1.o(i._printf_core)
    _printf_core                             0x080006c5   Thumb Code   336  printf1.o(i._printf_core)
    i.fmc_bank0_ready_wait                   0x08000818   Section        0  gd32f10x_fmc.o(i.fmc_bank0_ready_wait)
    i.fmc_bank0_state_get                    0x08000830   Section        0  gd32f10x_fmc.o(i.fmc_bank0_state_get)
    i.fmc_bank1_ready_wait                   0x08000858   Section        0  gd32f10x_fmc.o(i.fmc_bank1_ready_wait)
    i.fmc_bank1_state_get                    0x08000870   Section        0  gd32f10x_fmc.o(i.fmc_bank1_state_get)
    i.fmc_flag_clear                         0x08000898   Section        0  gd32f10x_fmc.o(i.fmc_flag_clear)
    i.fmc_lock                               0x080008b4   Section        0  gd32f10x_fmc.o(i.fmc_lock)
    i.fmc_page_erase                         0x080008dc   Section        0  gd32f10x_fmc.o(i.fmc_page_erase)
    i.fmc_unlock                             0x0800096c   Section        0  gd32f10x_fmc.o(i.fmc_unlock)
    i.fmc_word_program                       0x080009a4   Section        0  gd32f10x_fmc.o(i.fmc_word_program)
    i.fputc                                  0x08000a14   Section        0  uart.o(i.fputc)
    i.gpio_bit_reset                         0x08000a38   Section        0  gd32f10x_gpio.o(i.gpio_bit_reset)
    i.gpio_bit_set                           0x08000a3c   Section        0  gd32f10x_gpio.o(i.gpio_bit_set)
    i.gpio_init                              0x08000a40   Section        0  gd32f10x_gpio.o(i.gpio_init)
    i.main                                   0x08000ad8   Section        0  main.o(i.main)
    i.nvic_irq_enable                        0x08000b40   Section        0  gd32f10x_misc.o(i.nvic_irq_enable)
    i.nvic_priority_group_set                0x08000be0   Section        0  gd32f10x_misc.o(i.nvic_priority_group_set)
    i.nvic_vector_table_set                  0x08000bf4   Section        0  gd32f10x_misc.o(i.nvic_vector_table_set)
    i.prvAddCurrentTaskToDelayedList         0x08000c0c   Section        0  tasks.o(i.prvAddCurrentTaskToDelayedList)
    prvAddCurrentTaskToDelayedList           0x08000c0d   Thumb Code   126  tasks.o(i.prvAddCurrentTaskToDelayedList)
    i.prvAddNewTaskToReadyList               0x08000c94   Section        0  tasks.o(i.prvAddNewTaskToReadyList)
    prvAddNewTaskToReadyList                 0x08000c95   Thumb Code   224  tasks.o(i.prvAddNewTaskToReadyList)
    i.prvCheckForValidListAndQueue           0x08000d80   Section        0  timers.o(i.prvCheckForValidListAndQueue)
    prvCheckForValidListAndQueue             0x08000d81   Thumb Code    62  timers.o(i.prvCheckForValidListAndQueue)
    i.prvCheckTasksWaitingTermination        0x08000dd0   Section        0  tasks.o(i.prvCheckTasksWaitingTermination)
    prvCheckTasksWaitingTermination          0x08000dd1   Thumb Code    52  tasks.o(i.prvCheckTasksWaitingTermination)
    i.prvCopyDataFromQueue                   0x08000e0c   Section        0  queue.o(i.prvCopyDataFromQueue)
    prvCopyDataFromQueue                     0x08000e0d   Thumb Code    38  queue.o(i.prvCopyDataFromQueue)
    i.prvCopyDataToQueue                     0x08000e32   Section        0  queue.o(i.prvCopyDataToQueue)
    prvCopyDataToQueue                       0x08000e33   Thumb Code   108  queue.o(i.prvCopyDataToQueue)
    i.prvDeleteTCB                           0x08000e9e   Section        0  tasks.o(i.prvDeleteTCB)
    prvDeleteTCB                             0x08000e9f   Thumb Code    20  tasks.o(i.prvDeleteTCB)
    i.prvHeapInit                            0x08000eb4   Section        0  heap_4.o(i.prvHeapInit)
    prvHeapInit                              0x08000eb5   Thumb Code    60  heap_4.o(i.prvHeapInit)
    i.prvIdleTask                            0x08000ef8   Section        0  tasks.o(i.prvIdleTask)
    prvIdleTask                              0x08000ef9   Thumb Code    30  tasks.o(i.prvIdleTask)
    i.prvInitialiseNewTask                   0x08000f20   Section        0  tasks.o(i.prvInitialiseNewTask)
    prvInitialiseNewTask                     0x08000f21   Thumb Code   132  tasks.o(i.prvInitialiseNewTask)
    i.prvInsertBlockIntoFreeList             0x08000fa4   Section        0  heap_4.o(i.prvInsertBlockIntoFreeList)
    prvInsertBlockIntoFreeList               0x08000fa5   Thumb Code    72  heap_4.o(i.prvInsertBlockIntoFreeList)
    i.prvInsertTimerInActiveList             0x08000ff0   Section        0  timers.o(i.prvInsertTimerInActiveList)
    prvInsertTimerInActiveList               0x08000ff1   Thumb Code    52  timers.o(i.prvInsertTimerInActiveList)
    i.prvIsQueueEmpty                        0x08001028   Section        0  queue.o(i.prvIsQueueEmpty)
    prvIsQueueEmpty                          0x08001029   Thumb Code    28  queue.o(i.prvIsQueueEmpty)
    i.prvNotifyQueueSetContainer             0x08001044   Section        0  queue.o(i.prvNotifyQueueSetContainer)
    prvNotifyQueueSetContainer               0x08001045   Thumb Code    76  queue.o(i.prvNotifyQueueSetContainer)
    i.prvProcessExpiredTimer                 0x08001090   Section        0  timers.o(i.prvProcessExpiredTimer)
    prvProcessExpiredTimer                   0x08001091   Thumb Code    58  timers.o(i.prvProcessExpiredTimer)
    i.prvProcessReceivedCommands             0x080010d0   Section        0  timers.o(i.prvProcessReceivedCommands)
    prvProcessReceivedCommands               0x080010d1   Thumb Code   232  timers.o(i.prvProcessReceivedCommands)
    i.prvProcessTimerOrBlockTask             0x080011bc   Section        0  timers.o(i.prvProcessTimerOrBlockTask)
    prvProcessTimerOrBlockTask               0x080011bd   Thumb Code    98  timers.o(i.prvProcessTimerOrBlockTask)
    i.prvReloadTimer                         0x08001228   Section        0  timers.o(i.prvReloadTimer)
    prvReloadTimer                           0x08001229   Thumb Code    40  timers.o(i.prvReloadTimer)
    i.prvResetNextTaskUnblockTime            0x08001250   Section        0  tasks.o(i.prvResetNextTaskUnblockTime)
    prvResetNextTaskUnblockTime              0x08001251   Thumb Code    24  tasks.o(i.prvResetNextTaskUnblockTime)
    i.prvSampleTimeNow                       0x0800126c   Section        0  timers.o(i.prvSampleTimeNow)
    prvSampleTimeNow                         0x0800126d   Thumb Code    66  timers.o(i.prvSampleTimeNow)
    i.prvTaskExitError                       0x080012b4   Section        0  port.o(i.prvTaskExitError)
    prvTaskExitError                         0x080012b5   Thumb Code    16  port.o(i.prvTaskExitError)
    i.prvTimerTask                           0x080012c4   Section        0  timers.o(i.prvTimerTask)
    prvTimerTask                             0x080012c5   Thumb Code    32  timers.o(i.prvTimerTask)
    i.prvUnlockQueue                         0x080012e8   Section        0  queue.o(i.prvUnlockQueue)
    prvUnlockQueue                           0x080012e9   Thumb Code   118  queue.o(i.prvUnlockQueue)
    i.pvPortMalloc                           0x08001360   Section        0  heap_4.o(i.pvPortMalloc)
    i.pxPortInitialiseStack                  0x0800140c   Section        0  port.o(i.pxPortInitialiseStack)
    i.rcu_clock_freq_get                     0x08001430   Section        0  gd32f10x_rcu.o(i.rcu_clock_freq_get)
    i.rcu_periph_clock_enable                0x08001504   Section        0  gd32f10x_rcu.o(i.rcu_periph_clock_enable)
    i.rcu_periph_reset_disable               0x08001520   Section        0  gd32f10x_rcu.o(i.rcu_periph_reset_disable)
    i.rcu_periph_reset_enable                0x0800153c   Section        0  gd32f10x_rcu.o(i.rcu_periph_reset_enable)
    i.system_clock_108m_irc8m                0x08001558   Section        0  system_gd32f10x.o(i.system_clock_108m_irc8m)
    system_clock_108m_irc8m                  0x08001559   Thumb Code   112  system_gd32f10x.o(i.system_clock_108m_irc8m)
    i.usart_baudrate_set                     0x080015d4   Section        0  gd32f10x_usart.o(i.usart_baudrate_set)
    i.usart_data_receive                     0x0800162c   Section        0  gd32f10x_usart.o(i.usart_data_receive)
    i.usart_data_transmit                    0x08001634   Section        0  gd32f10x_usart.o(i.usart_data_transmit)
    i.usart_deinit                           0x0800163c   Section        0  gd32f10x_usart.o(i.usart_deinit)
    i.usart_enable                           0x08001694   Section        0  gd32f10x_usart.o(i.usart_enable)
    i.usart_flag_get                         0x0800169e   Section        0  gd32f10x_usart.o(i.usart_flag_get)
    i.usart_interrupt_enable                 0x080016b8   Section        0  gd32f10x_usart.o(i.usart_interrupt_enable)
    i.usart_interrupt_flag_get               0x080016ce   Section        0  gd32f10x_usart.o(i.usart_interrupt_flag_get)
    i.usart_parity_config                    0x080016fc   Section        0  gd32f10x_usart.o(i.usart_parity_config)
    i.usart_receive_config                   0x0800170c   Section        0  gd32f10x_usart.o(i.usart_receive_config)
    i.usart_stop_bit_set                     0x08001718   Section        0  gd32f10x_usart.o(i.usart_stop_bit_set)
    i.usart_transmit_config                  0x08001728   Section        0  gd32f10x_usart.o(i.usart_transmit_config)
    i.usart_word_length_set                  0x08001734   Section        0  gd32f10x_usart.o(i.usart_word_length_set)
    i.uxListRemove                           0x08001744   Section        0  list.o(i.uxListRemove)
    i.uxTaskGetNumberOfTasks                 0x08001768   Section        0  tasks.o(i.uxTaskGetNumberOfTasks)
    i.vListInitialise                        0x08001774   Section        0  list.o(i.vListInitialise)
    i.vListInitialiseItem                    0x0800178e   Section        0  list.o(i.vListInitialiseItem)
    i.vListInsert                            0x08001794   Section        0  list.o(i.vListInsert)
    i.vPortEnterCritical                     0x080017c4   Section        0  port.o(i.vPortEnterCritical)
    i.vPortExitCritical                      0x080017e0   Section        0  port.o(i.vPortExitCritical)
    i.vPortFree                              0x080017f4   Section        0  heap_4.o(i.vPortFree)
    i.vPortSetupTimerInterrupt               0x08001838   Section        0  port.o(i.vPortSetupTimerInterrupt)
    i.vQueueAddToRegistry                    0x0800185c   Section        0  queue.o(i.vQueueAddToRegistry)
    i.vQueueWaitForMessageRestricted         0x08001898   Section        0  queue.o(i.vQueueWaitForMessageRestricted)
    i.vSonarPollingTask                      0x080018dc   Section        0  sonar.o(i.vSonarPollingTask)
    i.vTaskDelay                             0x080019b8   Section        0  tasks.o(i.vTaskDelay)
    i.vTaskInternalSetTimeOutState           0x080019e8   Section        0  tasks.o(i.vTaskInternalSetTimeOutState)
    i.vTaskMissedYield                       0x080019f8   Section        0  tasks.o(i.vTaskMissedYield)
    i.vTaskPlaceOnEventList                  0x08001a04   Section        0  tasks.o(i.vTaskPlaceOnEventList)
    i.vTaskPlaceOnEventListRestricted        0x08001a24   Section        0  tasks.o(i.vTaskPlaceOnEventListRestricted)
    i.vTaskStartScheduler                    0x08001a64   Section        0  tasks.o(i.vTaskStartScheduler)
    i.vTaskSuspendAll                        0x08001ad4   Section        0  tasks.o(i.vTaskSuspendAll)
    i.vTaskSwitchContext                     0x08001ae4   Section        0  tasks.o(i.vTaskSwitchContext)
    i.xPortStartScheduler                    0x08001b3c   Section        0  port.o(i.xPortStartScheduler)
    i.xQueueGenericCreate                    0x08001b6c   Section        0  queue.o(i.xQueueGenericCreate)
    i.xQueueGenericReset                     0x08001bb8   Section        0  queue.o(i.xQueueGenericReset)
    i.xQueueReceive                          0x08001c4c   Section        0  queue.o(i.xQueueReceive)
    i.xTaskCheckForTimeOut                   0x08001d3c   Section        0  tasks.o(i.xTaskCheckForTimeOut)
    i.xTaskCreate                            0x08001da4   Section        0  tasks.o(i.xTaskCreate)
    i.xTaskGetSchedulerState                 0x08001e00   Section        0  tasks.o(i.xTaskGetSchedulerState)
    i.xTaskGetTickCount                      0x08001e1c   Section        0  tasks.o(i.xTaskGetTickCount)
    i.xTaskIncrementTick                     0x08001e28   Section        0  tasks.o(i.xTaskIncrementTick)
    i.xTaskPriorityDisinherit                0x08001f48   Section        0  tasks.o(i.xTaskPriorityDisinherit)
    i.xTaskRemoveFromEventList               0x08001fc4   Section        0  tasks.o(i.xTaskRemoveFromEventList)
    i.xTaskResumeAll                         0x0800208c   Section        0  tasks.o(i.xTaskResumeAll)
    i.xTimerCreateTimerTask                  0x080021bc   Section        0  timers.o(i.xTimerCreateTimerTask)
    .data                                    0x20000000   Section        5  sonar.o(.data)
    .data                                    0x20000006   Section        2  uart.o(.data)
    .data                                    0x20000008   Section        1  flash_eeprom.o(.data)
    .data                                    0x2000000c   Section        4  system_gd32f10x.o(.data)
    .data                                    0x20000010   Section       28  heap_4.o(.data)
    pxEnd                                    0x20000010   Data           4  heap_4.o(.data)
    xFreeBytesRemaining                      0x20000014   Data           4  heap_4.o(.data)
    xMinimumEverFreeBytesRemaining           0x20000018   Data           4  heap_4.o(.data)
    xNumberOfSuccessfulAllocations           0x2000001c   Data           4  heap_4.o(.data)
    xNumberOfSuccessfulFrees                 0x20000020   Data           4  heap_4.o(.data)
    xStart                                   0x20000024   Data           8  heap_4.o(.data)
    .data                                    0x2000002c   Section        4  port.o(.data)
    uxCriticalNesting                        0x2000002c   Data           4  port.o(.data)
    .data                                    0x20000030   Section       64  tasks.o(.data)
    uxDeletedTasksWaitingCleanUp             0x20000034   Data           4  tasks.o(.data)
    uxCurrentNumberOfTasks                   0x20000038   Data           4  tasks.o(.data)
    xTickCount                               0x2000003c   Data           4  tasks.o(.data)
    uxTopReadyPriority                       0x20000040   Data           4  tasks.o(.data)
    xSchedulerRunning                        0x20000044   Data           4  tasks.o(.data)
    xPendedTicks                             0x20000048   Data           4  tasks.o(.data)
    xYieldPendings                           0x2000004c   Data           4  tasks.o(.data)
    xNumOfOverflows                          0x20000050   Data           4  tasks.o(.data)
    uxTaskNumber                             0x20000054   Data           4  tasks.o(.data)
    xNextTaskUnblockTime                     0x20000058   Data           4  tasks.o(.data)
    uxTopUsedPriority                        0x2000005c   Data           4  tasks.o(.data)
    uxSchedulerSuspended                     0x20000060   Data           4  tasks.o(.data)
    pxDelayedTaskList                        0x20000064   Data           4  tasks.o(.data)
    pxOverflowDelayedTaskList                0x20000068   Data           4  tasks.o(.data)
    xIdleTaskHandles                         0x2000006c   Data           4  tasks.o(.data)
    .data                                    0x20000070   Section       20  timers.o(.data)
    xTimerQueue                              0x20000070   Data           4  timers.o(.data)
    xTimerTaskHandle                         0x20000074   Data           4  timers.o(.data)
    xLastTime                                0x20000078   Data           4  timers.o(.data)
    pxCurrentTimerList                       0x2000007c   Data           4  timers.o(.data)
    pxOverflowTimerList                      0x20000080   Data           4  timers.o(.data)
    .data                                    0x20000084   Section        4  stdout.o(.data)
    .bss                                     0x20000088   Section       20  sonar.o(.bss)
    .bss                                     0x2000009c   Section       64  uart.o(.bss)
    .bss                                     0x200000dc   Section       12  flash_eeprom.o(.bss)
    .bss                                     0x200000e8   Section    15360  heap_4.o(.bss)
    ucHeap                                   0x200000e8   Data       15360  heap_4.o(.bss)
    .bss                                     0x20003ce8   Section       64  queue.o(.bss)
    .bss                                     0x20003d28   Section      280  tasks.o(.bss)
    pxReadyTasksLists                        0x20003d28   Data         140  tasks.o(.bss)
    xDelayedTaskList1                        0x20003db4   Data          28  tasks.o(.bss)
    xDelayedTaskList2                        0x20003dd0   Data          28  tasks.o(.bss)
    xPendingReadyList                        0x20003dec   Data          28  tasks.o(.bss)
    xTasksWaitingTermination                 0x20003e08   Data          28  tasks.o(.bss)
    xSuspendedTaskList                       0x20003e24   Data          28  tasks.o(.bss)
    .bss                                     0x20003e40   Section       56  timers.o(.bss)
    xActiveTimerList1                        0x20003e40   Data          28  timers.o(.bss)
    xActiveTimerList2                        0x20003e5c   Data          28  timers.o(.bss)
    STACK                                    0x20003e78   Section     1024  startup_gd32f10x_md.o(STACK)

    Global Symbols

    Symbol Name                              Value     Ov Type        Size  Object(Section)

    BuildAttributes$$THM_ISAv4$P$D$K$B$S$PE$A:L22UL41UL21$X:L11$S22US41US21$IEEE1$IW$USESV6$~STKCKD$USESV7$~SHL$OSPACE$ROPI$EBA8$MICROLIB$REQ8$PRES8$EABIv2 0x00000000   Number         0  anon$$obj.o ABSOLUTE
    __ARM_use_no_argv                        0x00000000   Number         0  main.o ABSOLUTE
    _printf_a                                0x00000000   Number         0  stubs.o ABSOLUTE
    _printf_c                                0x00000000   Number         0  stubs.o ABSOLUTE
    _printf_charcount                        0x00000000   Number         0  stubs.o ABSOLUTE
    _printf_d                                0x00000000   Number         0  stubs.o ABSOLUTE
    _printf_e                                0x00000000   Number         0  stubs.o ABSOLUTE
    _printf_f                                0x00000000   Number         0  stubs.o ABSOLUTE
    _printf_flags                            0x00000000   Number         0  stubs.o ABSOLUTE
    _printf_fp_dec                           0x00000000   Number         0  stubs.o ABSOLUTE
    _printf_fp_hex                           0x00000000   Number         0  stubs.o ABSOLUTE
    _printf_g                                0x00000000   Number         0  stubs.o ABSOLUTE
    _printf_i                                0x00000000   Number         0  stubs.o ABSOLUTE
    _printf_int_dec                          0x00000000   Number         0  stubs.o ABSOLUTE
    _printf_l                                0x00000000   Number         0  stubs.o ABSOLUTE
    _printf_lc                               0x00000000   Number         0  stubs.o ABSOLUTE
    _printf_ll                               0x00000000   Number         0  stubs.o ABSOLUTE
    _printf_lld                              0x00000000   Number         0  stubs.o ABSOLUTE
    _printf_lli                              0x00000000   Number         0  stubs.o ABSOLUTE
    _printf_llo                              0x00000000   Number         0  stubs.o ABSOLUTE
    _printf_llu                              0x00000000   Number         0  stubs.o ABSOLUTE
    _printf_llx                              0x00000000   Number         0  stubs.o ABSOLUTE
    _printf_longlong_dec                     0x00000000   Number         0  stubs.o ABSOLUTE
    _printf_longlong_hex                     0x00000000   Number         0  stubs.o ABSOLUTE
    _printf_longlong_oct                     0x00000000   Number         0  stubs.o ABSOLUTE
    _printf_ls                               0x00000000   Number         0  stubs.o ABSOLUTE
    _printf_mbtowc                           0x00000000   Number         0  stubs.o ABSOLUTE
    _printf_n                                0x00000000   Number         0  stubs.o ABSOLUTE
    _printf_o                                0x00000000   Number         0  stubs.o ABSOLUTE
    _printf_p                                0x00000000   Number         0  stubs.o ABSOLUTE
    _printf_percent                          0x00000000   Number         0  stubs.o ABSOLUTE
    _printf_pre_padding                      0x00000000   Number         0  stubs.o ABSOLUTE
    _printf_return_value                     0x00000000   Number         0  stubs.o ABSOLUTE
    _printf_s                                0x00000000   Number         0  stubs.o ABSOLUTE
    _printf_sizespec                         0x00000000   Number         0  stubs.o ABSOLUTE
    _printf_str                              0x00000000   Number         0  stubs.o ABSOLUTE
    _printf_truncate_signed                  0x00000000   Number         0  stubs.o ABSOLUTE
    _printf_truncate_unsigned                0x00000000   Number         0  stubs.o ABSOLUTE
    _printf_u                                0x00000000   Number         0  stubs.o ABSOLUTE
    _printf_wc                               0x00000000   Number         0  stubs.o ABSOLUTE
    _printf_wctomb                           0x00000000   Number         0  stubs.o ABSOLUTE
    _printf_widthprec                        0x00000000   Number         0  stubs.o ABSOLUTE
    _printf_x                                0x00000000   Number         0  stubs.o ABSOLUTE
    __cpp_initialize__aeabi_                  - Undefined Weak Reference
    __cxa_finalize                            - Undefined Weak Reference
    __decompress                              - Undefined Weak Reference
    _clock_init                               - Undefined Weak Reference
    _microlib_exit                            - Undefined Weak Reference
    __Vectors_Size                           0x00000104   Number         0  startup_gd32f10x_md.o ABSOLUTE
    __Vectors                                0x08000000   Data           4  startup_gd32f10x_md.o(RESET)
    __Vectors_End                            0x08000104   Data           0  startup_gd32f10x_md.o(RESET)
    __main                                   0x08000105   Thumb Code     0  entry.o(.ARM.Collect$$$$00000000)
    _main_stk                                0x08000105   Thumb Code     0  entry2.o(.ARM.Collect$$$$00000001)
    _main_scatterload                        0x08000109   Thumb Code     0  entry5.o(.ARM.Collect$$$$00000004)
    __main_after_scatterload                 0x0800010d   Thumb Code     0  entry5.o(.ARM.Collect$$$$00000004)
    _main_clock                              0x0800010d   Thumb Code     0  entry7b.o(.ARM.Collect$$$$00000008)
    _main_cpp_init                           0x0800010d   Thumb Code     0  entry8b.o(.ARM.Collect$$$$0000000A)
    _main_init                               0x0800010d   Thumb Code     0  entry9a.o(.ARM.Collect$$$$0000000B)
    __rt_final_cpp                           0x08000115   Thumb Code     0  entry10a.o(.ARM.Collect$$$$0000000D)
    __rt_final_exit                          0x08000115   Thumb Code     0  entry11a.o(.ARM.Collect$$$$0000000F)
    SVC_Handler                              0x08000119   Thumb Code    32  port.o(.emb_text)
    __asm___6_port_c_39a90d8d__prvStartFirstTask 0x0800013d   Thumb Code    28  port.o(.emb_text)
    PendSV_Handler                           0x0800015d   Thumb Code    72  port.o(.emb_text)
    vPortGetIPSR                             0x080001a9   Thumb Code     6  port.o(.emb_text)
    Reset_Handler                            0x080001b1   Thumb Code     8  startup_gd32f10x_md.o(.text)
    ADC0_1_IRQHandler                        0x080001cb   Thumb Code     0  startup_gd32f10x_md.o(.text)
    CAN0_EWMC_IRQHandler                     0x080001cb   Thumb Code     0  startup_gd32f10x_md.o(.text)
    CAN0_RX1_IRQHandler                      0x080001cb   Thumb Code     0  startup_gd32f10x_md.o(.text)
    DMA0_Channel0_IRQHandler                 0x080001cb   Thumb Code     0  startup_gd32f10x_md.o(.text)
    DMA0_Channel1_IRQHandler                 0x080001cb   Thumb Code     0  startup_gd32f10x_md.o(.text)
    DMA0_Channel2_IRQHandler                 0x080001cb   Thumb Code     0  startup_gd32f10x_md.o(.text)
    DMA0_Channel3_IRQHandler                 0x080001cb   Thumb Code     0  startup_gd32f10x_md.o(.text)
    DMA0_Channel4_IRQHandler                 0x080001cb   Thumb Code     0  startup_gd32f10x_md.o(.text)
    DMA0_Channel5_IRQHandler                 0x080001cb   Thumb Code     0  startup_gd32f10x_md.o(.text)
    DMA0_Channel6_IRQHandler                 0x080001cb   Thumb Code     0  startup_gd32f10x_md.o(.text)
    EXMC_IRQHandler                          0x080001cb   Thumb Code     0  startup_gd32f10x_md.o(.text)
    EXTI0_IRQHandler                         0x080001cb   Thumb Code     0  startup_gd32f10x_md.o(.text)
    EXTI10_15_IRQHandler                     0x080001cb   Thumb Code     0  startup_gd32f10x_md.o(.text)
    EXTI1_IRQHandler                         0x080001cb   Thumb Code     0  startup_gd32f10x_md.o(.text)
    EXTI2_IRQHandler                         0x080001cb   Thumb Code     0  startup_gd32f10x_md.o(.text)
    EXTI3_IRQHandler                         0x080001cb   Thumb Code     0  startup_gd32f10x_md.o(.text)
    EXTI4_IRQHandler                         0x080001cb   Thumb Code     0  startup_gd32f10x_md.o(.text)
    EXTI5_9_IRQHandler                       0x080001cb   Thumb Code     0  startup_gd32f10x_md.o(.text)
    FMC_IRQHandler                           0x080001cb   Thumb Code     0  startup_gd32f10x_md.o(.text)
    I2C0_ER_IRQHandler                       0x080001cb   Thumb Code     0  startup_gd32f10x_md.o(.text)
    I2C0_EV_IRQHandler                       0x080001cb   Thumb Code     0  startup_gd32f10x_md.o(.text)
    I2C1_ER_IRQHandler                       0x080001cb   Thumb Code     0  startup_gd32f10x_md.o(.text)
    I2C1_EV_IRQHandler                       0x080001cb   Thumb Code     0  startup_gd32f10x_md.o(.text)
    LVD_IRQHandler                           0x080001cb   Thumb Code     0  startup_gd32f10x_md.o(.text)
    RCU_IRQHandler                           0x080001cb   Thumb Code     0  startup_gd32f10x_md.o(.text)
    RTC_Alarm_IRQHandler                     0x080001cb   Thumb Code     0  startup_gd32f10x_md.o(.text)
    RTC_IRQHandler                           0x080001cb   Thumb Code     0  startup_gd32f10x_md.o(.text)
    SPI0_IRQHandler                          0x080001cb   Thumb Code     0  startup_gd32f10x_md.o(.text)
    SPI1_IRQHandler                          0x080001cb   Thumb Code     0  startup_gd32f10x_md.o(.text)
    TAMPER_IRQHandler                        0x080001cb   Thumb Code     0  startup_gd32f10x_md.o(.text)
    TIMER0_BRK_IRQHandler                    0x080001cb   Thumb Code     0  startup_gd32f10x_md.o(.text)
    TIMER0_Channel_IRQHandler                0x080001cb   Thumb Code     0  startup_gd32f10x_md.o(.text)
    TIMER0_TRG_CMT_IRQHandler                0x080001cb   Thumb Code     0  startup_gd32f10x_md.o(.text)
    TIMER0_UP_IRQHandler                     0x080001cb   Thumb Code     0  startup_gd32f10x_md.o(.text)
    TIMER1_IRQHandler                        0x080001cb   Thumb Code     0  startup_gd32f10x_md.o(.text)
    TIMER2_IRQHandler                        0x080001cb   Thumb Code     0  startup_gd32f10x_md.o(.text)
    TIMER3_IRQHandler                        0x080001cb   Thumb Code     0  startup_gd32f10x_md.o(.text)
    USART0_IRQHandler                        0x080001cb   Thumb Code     0  startup_gd32f10x_md.o(.text)
    USART1_IRQHandler                        0x080001cb   Thumb Code     0  startup_gd32f10x_md.o(.text)
    USBD_HP_CAN0_TX_IRQHandler               0x080001cb   Thumb Code     0  startup_gd32f10x_md.o(.text)
    USBD_LP_CAN0_RX0_IRQHandler              0x080001cb   Thumb Code     0  startup_gd32f10x_md.o(.text)
    USBD_WKUP_IRQHandler                     0x080001cb   Thumb Code     0  startup_gd32f10x_md.o(.text)
    WWDGT_IRQHandler                         0x080001cb   Thumb Code     0  startup_gd32f10x_md.o(.text)
    __aeabi_memcpy                           0x080001d5   Thumb Code    36  memcpya.o(.text)
    __aeabi_memcpy4                          0x080001d5   Thumb Code     0  memcpya.o(.text)
    __aeabi_memcpy8                          0x080001d5   Thumb Code     0  memcpya.o(.text)
    __aeabi_memset                           0x080001f9   Thumb Code    14  memseta.o(.text)
    __aeabi_memset4                          0x080001f9   Thumb Code     0  memseta.o(.text)
    __aeabi_memset8                          0x080001f9   Thumb Code     0  memseta.o(.text)
    __aeabi_memclr                           0x08000207   Thumb Code     4  memseta.o(.text)
    __aeabi_memclr4                          0x08000207   Thumb Code     0  memseta.o(.text)
    __aeabi_memclr8                          0x08000207   Thumb Code     0  memseta.o(.text)
    _memset$wrapper                          0x0800020b   Thumb Code    18  memseta.o(.text)
    __aeabi_uidiv                            0x0800021d   Thumb Code     0  uidiv.o(.text)
    __aeabi_uidivmod                         0x0800021d   Thumb Code    44  uidiv.o(.text)
    __scatterload                            0x08000249   Thumb Code    28  init.o(.text)
    __scatterload_rt2                        0x08000249   Thumb Code     0  init.o(.text)
    BusFault_Handler                         0x0800026d   Thumb Code     2  gd32f10x_it.o(i.BusFault_Handler)
    DebugMon_Handler                         0x0800026f   Thumb Code     2  gd32f10x_it.o(i.DebugMon_Handler)
    Flash_Write_Config                       0x08000271   Thumb Code   114  flash_eeprom.o(i.Flash_Write_Config)
    HardFault_Handler                        0x080002e9   Thumb Code     2  gd32f10x_it.o(i.HardFault_Handler)
    MemManage_Handler                        0x080002eb   Thumb Code     2  gd32f10x_it.o(i.MemManage_Handler)
    Modbus_CRC16                             0x080002ed   Thumb Code    48  sonar.o(i.Modbus_CRC16)
    NMI_Handler                              0x0800031d   Thumb Code     2  gd32f10x_it.o(i.NMI_Handler)
    RS485_SendData                           0x08000321   Thumb Code    78  uart.o(i.RS485_SendData)
    Sonar_Parse_Data                         0x08000379   Thumb Code   110  sonar.o(i.Sonar_Parse_Data)
    Sonar_Send_Read_Cmd                      0x080003e7   Thumb Code    60  sonar.o(i.Sonar_Send_Read_Cmd)
    SysTick_Handler                          0x08000425   Thumb Code    38  port.o(i.SysTick_Handler)
    SystemInit                               0x08000451   Thumb Code   188  system_gd32f10x.o(i.SystemInit)
    UART_Init                                0x0800051d   Thumb Code   266  uart.o(i.UART_Init)
    USART2_IRQHandler                        0x08000639   Thumb Code    56  uart.o(i.USART2_IRQHandler)
    UsageFault_Handler                       0x08000681   Thumb Code     2  gd32f10x_it.o(i.UsageFault_Handler)
    __0printf$1                              0x08000685   Thumb Code    22  printf1.o(i.__0printf$1)
    __1printf$1                              0x08000685   Thumb Code     0  printf1.o(i.__0printf$1)
    __2printf                                0x08000685   Thumb Code     0  printf1.o(i.__0printf$1)
    __scatterload_copy                       0x080006a5   Thumb Code    14  handlers.o(i.__scatterload_copy)
    __scatterload_null                       0x080006b3   Thumb Code     2  handlers.o(i.__scatterload_null)
    __scatterload_zeroinit                   0x080006b5   Thumb Code    14  handlers.o(i.__scatterload_zeroinit)
    fmc_bank0_ready_wait                     0x08000819   Thumb Code    22  gd32f10x_fmc.o(i.fmc_bank0_ready_wait)
    fmc_bank0_state_get                      0x08000831   Thumb Code    34  gd32f10x_fmc.o(i.fmc_bank0_state_get)
    fmc_bank1_ready_wait                     0x08000859   Thumb Code    22  gd32f10x_fmc.o(i.fmc_bank1_ready_wait)
    fmc_bank1_state_get                      0x08000871   Thumb Code    34  gd32f10x_fmc.o(i.fmc_bank1_state_get)
    fmc_flag_clear                           0x08000899   Thumb Code    22  gd32f10x_fmc.o(i.fmc_flag_clear)
    fmc_lock                                 0x080008b5   Thumb Code    30  gd32f10x_fmc.o(i.fmc_lock)
    fmc_page_erase                           0x080008dd   Thumb Code   130  gd32f10x_fmc.o(i.fmc_page_erase)
    fmc_unlock                               0x0800096d   Thumb Code    38  gd32f10x_fmc.o(i.fmc_unlock)
    fmc_word_program                         0x080009a5   Thumb Code   100  gd32f10x_fmc.o(i.fmc_word_program)
    fputc                                    0x08000a15   Thumb Code    30  uart.o(i.fputc)
    gpio_bit_reset                           0x08000a39   Thumb Code     4  gd32f10x_gpio.o(i.gpio_bit_reset)
    gpio_bit_set                             0x08000a3d   Thumb Code     4  gd32f10x_gpio.o(i.gpio_bit_set)
    gpio_init                                0x08000a41   Thumb Code   150  gd32f10x_gpio.o(i.gpio_init)
    main                                     0x08000ad9   Thumb Code    46  main.o(i.main)
    nvic_irq_enable                          0x08000b41   Thumb Code   154  gd32f10x_misc.o(i.nvic_irq_enable)
    nvic_priority_group_set                  0x08000be1   Thumb Code    10  gd32f10x_misc.o(i.nvic_priority_group_set)
    nvic_vector_table_set                    0x08000bf5   Thumb Code    16  gd32f10x_misc.o(i.nvic_vector_table_set)
    pvPortMalloc                             0x08001361   Thumb Code   168  heap_4.o(i.pvPortMalloc)
    pxPortInitialiseStack                    0x0800140d   Thumb Code    32  port.o(i.pxPortInitialiseStack)
    rcu_clock_freq_get                       0x08001431   Thumb Code   186  gd32f10x_rcu.o(i.rcu_clock_freq_get)
    rcu_periph_clock_enable                  0x08001505   Thumb Code    22  gd32f10x_rcu.o(i.rcu_periph_clock_enable)
    rcu_periph_reset_disable                 0x08001521   Thumb Code    22  gd32f10x_rcu.o(i.rcu_periph_reset_disable)
    rcu_periph_reset_enable                  0x0800153d   Thumb Code    22  gd32f10x_rcu.o(i.rcu_periph_reset_enable)
    usart_baudrate_set                       0x080015d5   Thumb Code    78  gd32f10x_usart.o(i.usart_baudrate_set)
    usart_data_receive                       0x0800162d   Thumb Code     8  gd32f10x_usart.o(i.usart_data_receive)
    usart_data_transmit                      0x08001635   Thumb Code     8  gd32f10x_usart.o(i.usart_data_transmit)
    usart_deinit                             0x0800163d   Thumb Code    80  gd32f10x_usart.o(i.usart_deinit)
    usart_enable                             0x08001695   Thumb Code    10  gd32f10x_usart.o(i.usart_enable)
    usart_flag_get                           0x0800169f   Thumb Code    26  gd32f10x_usart.o(i.usart_flag_get)
    usart_interrupt_enable                   0x080016b9   Thumb Code    22  gd32f10x_usart.o(i.usart_interrupt_enable)
    usart_interrupt_flag_get                 0x080016cf   Thumb Code    46  gd32f10x_usart.o(i.usart_interrupt_flag_get)
    usart_parity_config                      0x080016fd   Thumb Code    16  gd32f10x_usart.o(i.usart_parity_config)
    usart_receive_config                     0x0800170d   Thumb Code    12  gd32f10x_usart.o(i.usart_receive_config)
    usart_stop_bit_set                       0x08001719   Thumb Code    16  gd32f10x_usart.o(i.usart_stop_bit_set)
    usart_transmit_config                    0x08001729   Thumb Code    12  gd32f10x_usart.o(i.usart_transmit_config)
    usart_word_length_set                    0x08001735   Thumb Code    16  gd32f10x_usart.o(i.usart_word_length_set)
    uxListRemove                             0x08001745   Thumb Code    36  list.o(i.uxListRemove)
    uxTaskGetNumberOfTasks                   0x08001769   Thumb Code     6  tasks.o(i.uxTaskGetNumberOfTasks)
    vListInitialise                          0x08001775   Thumb Code    26  list.o(i.vListInitialise)
    vListInitialiseItem                      0x0800178f   Thumb Code     6  list.o(i.vListInitialiseItem)
    vListInsert                              0x08001795   Thumb Code    48  list.o(i.vListInsert)
    vPortEnterCritical                       0x080017c5   Thumb Code    24  port.o(i.vPortEnterCritical)
    vPortExitCritical                        0x080017e1   Thumb Code    16  port.o(i.vPortExitCritical)
    vPortFree                                0x080017f5   Thumb Code    64  heap_4.o(i.vPortFree)
    vPortSetupTimerInterrupt                 0x08001839   Thumb Code    32  port.o(i.vPortSetupTimerInterrupt)
    vQueueAddToRegistry                      0x0800185d   Thumb Code    54  queue.o(i.vQueueAddToRegistry)
    vQueueWaitForMessageRestricted           0x08001899   Thumb Code    68  queue.o(i.vQueueWaitForMessageRestricted)
    vSonarPollingTask                        0x080018dd   Thumb Code   128  sonar.o(i.vSonarPollingTask)
    vTaskDelay                               0x080019b9   Thumb Code    44  tasks.o(i.vTaskDelay)
    vTaskInternalSetTimeOutState             0x080019e9   Thumb Code    12  tasks.o(i.vTaskInternalSetTimeOutState)
    vTaskMissedYield                         0x080019f9   Thumb Code     8  tasks.o(i.vTaskMissedYield)
    vTaskPlaceOnEventList                    0x08001a05   Thumb Code    26  tasks.o(i.vTaskPlaceOnEventList)
    vTaskPlaceOnEventListRestricted          0x08001a25   Thumb Code    58  tasks.o(i.vTaskPlaceOnEventListRestricted)
    vTaskStartScheduler                      0x08001a65   Thumb Code    96  tasks.o(i.vTaskStartScheduler)
    vTaskSuspendAll                          0x08001ad5   Thumb Code    10  tasks.o(i.vTaskSuspendAll)
    vTaskSwitchContext                       0x08001ae5   Thumb Code    78  tasks.o(i.vTaskSwitchContext)
    xPortStartScheduler                      0x08001b3d   Thumb Code    38  port.o(i.xPortStartScheduler)
    xQueueGenericCreate                      0x08001b6d   Thumb Code    74  queue.o(i.xQueueGenericCreate)
    xQueueGenericReset                       0x08001bb9   Thumb Code   144  queue.o(i.xQueueGenericReset)
    xQueueReceive                            0x08001c4d   Thumb Code   236  queue.o(i.xQueueReceive)
    xTaskCheckForTimeOut                     0x08001d3d   Thumb Code   100  tasks.o(i.xTaskCheckForTimeOut)
    xTaskCreate                              0x08001da5   Thumb Code    92  tasks.o(i.xTaskCreate)
    xTaskGetSchedulerState                   0x08001e01   Thumb Code    22  tasks.o(i.xTaskGetSchedulerState)
    xTaskGetTickCount                        0x08001e1d   Thumb Code     6  tasks.o(i.xTaskGetTickCount)
    xTaskIncrementTick                       0x08001e29   Thumb Code   280  tasks.o(i.xTaskIncrementTick)
    xTaskPriorityDisinherit                  0x08001f49   Thumb Code   114  tasks.o(i.xTaskPriorityDisinherit)
    xTaskRemoveFromEventList                 0x08001fc5   Thumb Code   192  tasks.o(i.xTaskRemoveFromEventList)
    xTaskResumeAll                           0x0800208d   Thumb Code   292  tasks.o(i.xTaskResumeAll)
    xTimerCreateTimerTask                    0x080021bd   Thumb Code    42  timers.o(i.xTimerCreateTimerTask)
    Region$$Table$$Base                      0x080021f8   Number         0  anon$$obj.o(Region$$Table)
    Region$$Table$$Limit                     0x08002218   Number         0  anon$$obj.o(Region$$Table)
    sonar_addrs                              0x20000000   Data           5  sonar.o(.data)
    rs485_rx_len                             0x20000006   Data           2  uart.o(.data)
    need_save_flash                          0x20000008   Data           1  flash_eeprom.o(.data)
    SystemCoreClock                          0x2000000c   Data           4  system_gd32f10x.o(.data)
    pxCurrentTCB                             0x20000030   Data           4  tasks.o(.data)
    __stdout                                 0x20000084   Data           4  stdout.o(.data)
    sonar_distances                          0x20000088   Data          20  sonar.o(.bss)
    rs485_rx_buf                             0x2000009c   Data          64  uart.o(.bss)
    sys_config                               0x200000dc   Data          12  flash_eeprom.o(.bss)
    xQueueRegistry                           0x20003ce8   Data          64  queue.o(.bss)
    __initial_sp                             0x20004278   Data           0  startup_gd32f10x_md.o(STACK)



==============================================================================

Memory Map of the image

  Image Entry point : 0x08000105

  Load Region LR_IROM1 (Base: 0x08000000, Size: 0x000022a0, Max: 0x00020000, ABSOLUTE)

    Execution Region ER_IROM1 (Base: 0x08000000, Size: 0x00002218, Max: 0x00020000, ABSOLUTE)

    Base Addr    Size         Type   Attr      Idx    E Section Name        Object

    0x08000000   0x00000104   Data   RO         2747    RESET               startup_gd32f10x_md.o
    0x08000104   0x00000000   Code   RO         3871  * .ARM.Collect$$$$00000000  mc_w.l(entry.o)
    0x08000104   0x00000004   Code   RO         4141    .ARM.Collect$$$$00000001  mc_w.l(entry2.o)
    0x08000108   0x00000004   Code   RO         4144    .ARM.Collect$$$$00000004  mc_w.l(entry5.o)
    0x0800010c   0x00000000   Code   RO         4146    .ARM.Collect$$$$00000008  mc_w.l(entry7b.o)
    0x0800010c   0x00000000   Code   RO         4148    .ARM.Collect$$$$0000000A  mc_w.l(entry8b.o)
    0x0800010c   0x00000008   Code   RO         4149    .ARM.Collect$$$$0000000B  mc_w.l(entry9a.o)
    0x08000114   0x00000000   Code   RO         4151    .ARM.Collect$$$$0000000D  mc_w.l(entry10a.o)
    0x08000114   0x00000000   Code   RO         4153    .ARM.Collect$$$$0000000F  mc_w.l(entry11a.o)
    0x08000114   0x00000004   Code   RO         4142    .ARM.Collect$$$$00002712  mc_w.l(entry2.o)
    0x08000118   0x00000096   Code   RO         2964    .emb_text           port.o
    0x080001ae   0x00000002   PAD
    0x080001b0   0x00000024   Code   RO         2748    .text               startup_gd32f10x_md.o
    0x080001d4   0x00000024   Code   RO         3874    .text               mc_w.l(memcpya.o)
    0x080001f8   0x00000024   Code   RO         3876    .text               mc_w.l(memseta.o)
    0x0800021c   0x0000002c   Code   RO         4156    .text               mc_w.l(uidiv.o)
    0x08000248   0x00000024   Code   RO         4171    .text               mc_w.l(init.o)
    0x0800026c   0x00000002   Code   RO          169    i.BusFault_Handler  gd32f10x_it.o
    0x0800026e   0x00000002   Code   RO          170    i.DebugMon_Handler  gd32f10x_it.o
    0x08000270   0x00000078   Code   RO          313    i.Flash_Write_Config  flash_eeprom.o
    0x080002e8   0x00000002   Code   RO          171    i.HardFault_Handler  gd32f10x_it.o
    0x080002ea   0x00000002   Code   RO          172    i.MemManage_Handler  gd32f10x_it.o
    0x080002ec   0x00000030   Code   RO          225    i.Modbus_CRC16      sonar.o
    0x0800031c   0x00000002   Code   RO          173    i.NMI_Handler       gd32f10x_it.o
    0x0800031e   0x00000002   PAD
    0x08000320   0x00000058   Code   RO          267    i.RS485_SendData    uart.o
    0x08000378   0x0000006e   Code   RO          226    i.Sonar_Parse_Data  sonar.o
    0x080003e6   0x0000003c   Code   RO          227    i.Sonar_Send_Read_Cmd  sonar.o
    0x08000422   0x00000002   PAD
    0x08000424   0x0000002c   Code   RO         2965    i.SysTick_Handler   port.o
    0x08000450   0x000000cc   Code   RO         2705    i.SystemInit        system_gd32f10x.o
    0x0800051c   0x0000011c   Code   RO          268    i.UART_Init         uart.o
    0x08000638   0x00000048   Code   RO          269    i.USART2_IRQHandler  uart.o
    0x08000680   0x00000002   Code   RO          174    i.UsageFault_Handler  gd32f10x_it.o
    0x08000682   0x00000002   PAD
    0x08000684   0x00000020   Code   RO         3925    i.__0printf$1       mc_w.l(printf1.o)
    0x080006a4   0x0000000e   Code   RO         4183    i.__scatterload_copy  mc_w.l(handlers.o)
    0x080006b2   0x00000002   Code   RO         4184    i.__scatterload_null  mc_w.l(handlers.o)
    0x080006b4   0x0000000e   Code   RO         4185    i.__scatterload_zeroinit  mc_w.l(handlers.o)
    0x080006c2   0x00000002   PAD
    0x080006c4   0x00000154   Code   RO         3932    i._printf_core      mc_w.l(printf1.o)
    0x08000818   0x00000016   Code   RO         2490    i.fmc_bank0_ready_wait  gd32f10x_fmc.o
    0x0800082e   0x00000002   PAD
    0x08000830   0x00000028   Code   RO         2491    i.fmc_bank0_state_get  gd32f10x_fmc.o
    0x08000858   0x00000016   Code   RO         2495    i.fmc_bank1_ready_wait  gd32f10x_fmc.o
    0x0800086e   0x00000002   PAD
    0x08000870   0x00000028   Code   RO         2496    i.fmc_bank1_state_get  gd32f10x_fmc.o
    0x08000898   0x0000001c   Code   RO         2498    i.fmc_flag_clear    gd32f10x_fmc.o
    0x080008b4   0x00000028   Code   RO         2505    i.fmc_lock          gd32f10x_fmc.o
    0x080008dc   0x00000090   Code   RO         2507    i.fmc_page_erase    gd32f10x_fmc.o
    0x0800096c   0x00000038   Code   RO         2508    i.fmc_unlock        gd32f10x_fmc.o
    0x080009a4   0x00000070   Code   RO         2509    i.fmc_word_program  gd32f10x_fmc.o
    0x08000a14   0x00000024   Code   RO          270    i.fputc             uart.o
    0x08000a38   0x00000004   Code   RO         1087    i.gpio_bit_reset    gd32f10x_gpio.o
    0x08000a3c   0x00000004   Code   RO         1088    i.gpio_bit_set      gd32f10x_gpio.o
    0x08000a40   0x00000096   Code   RO         1095    i.gpio_init         gd32f10x_gpio.o
    0x08000ad6   0x00000002   PAD
    0x08000ad8   0x00000068   Code   RO            3    i.main              main.o
    0x08000b40   0x000000a0   Code   RO         2199    i.nvic_irq_enable   gd32f10x_misc.o
    0x08000be0   0x00000014   Code   RO         2200    i.nvic_priority_group_set  gd32f10x_misc.o
    0x08000bf4   0x00000018   Code   RO         2201    i.nvic_vector_table_set  gd32f10x_misc.o
    0x08000c0c   0x00000088   Code   RO         3285    i.prvAddCurrentTaskToDelayedList  tasks.o
    0x08000c94   0x000000ec   Code   RO         3286    i.prvAddNewTaskToReadyList  tasks.o
    0x08000d80   0x00000050   Code   RO         3709    i.prvCheckForValidListAndQueue  timers.o
    0x08000dd0   0x0000003c   Code   RO         3287    i.prvCheckTasksWaitingTermination  tasks.o
    0x08000e0c   0x00000026   Code   RO         3053    i.prvCopyDataFromQueue  queue.o
    0x08000e32   0x0000006c   Code   RO         3054    i.prvCopyDataToQueue  queue.o
    0x08000e9e   0x00000014   Code   RO         3288    i.prvDeleteTCB      tasks.o
    0x08000eb2   0x00000002   PAD
    0x08000eb4   0x00000044   Code   RO         2845    i.prvHeapInit       heap_4.o
    0x08000ef8   0x00000028   Code   RO         3289    i.prvIdleTask       tasks.o
    0x08000f20   0x00000084   Code   RO         3290    i.prvInitialiseNewTask  tasks.o
    0x08000fa4   0x0000004c   Code   RO         2846    i.prvInsertBlockIntoFreeList  heap_4.o
    0x08000ff0   0x00000038   Code   RO         3710    i.prvInsertTimerInActiveList  timers.o
    0x08001028   0x0000001c   Code   RO         3055    i.prvIsQueueEmpty   queue.o
    0x08001044   0x0000004c   Code   RO         3056    i.prvNotifyQueueSetContainer  queue.o
    0x08001090   0x00000040   Code   RO         3711    i.prvProcessExpiredTimer  timers.o
    0x080010d0   0x000000ec   Code   RO         3712    i.prvProcessReceivedCommands  timers.o
    0x080011bc   0x0000006c   Code   RO         3713    i.prvProcessTimerOrBlockTask  timers.o
    0x08001228   0x00000028   Code   RO         3714    i.prvReloadTimer    timers.o
    0x08001250   0x0000001c   Code   RO         3291    i.prvResetNextTaskUnblockTime  tasks.o
    0x0800126c   0x00000048   Code   RO         3715    i.prvSampleTimeNow  timers.o
    0x080012b4   0x00000010   Code   RO         2966    i.prvTaskExitError  port.o
    0x080012c4   0x00000024   Code   RO         3716    i.prvTimerTask      timers.o
    0x080012e8   0x00000076   Code   RO         3057    i.prvUnlockQueue    queue.o
    0x0800135e   0x00000002   PAD
    0x08001360   0x000000ac   Code   RO         2848    i.pvPortMalloc      heap_4.o
    0x0800140c   0x00000024   Code   RO         2967    i.pxPortInitialiseStack  port.o
    0x08001430   0x000000d4   Code   RO         2266    i.rcu_clock_freq_get  gd32f10x_rcu.o
    0x08001504   0x0000001c   Code   RO         2283    i.rcu_periph_clock_enable  gd32f10x_rcu.o
    0x08001520   0x0000001c   Code   RO         2286    i.rcu_periph_reset_disable  gd32f10x_rcu.o
    0x0800153c   0x0000001c   Code   RO         2287    i.rcu_periph_reset_enable  gd32f10x_rcu.o
    0x08001558   0x0000007c   Code   RO         2707    i.system_clock_108m_irc8m  system_gd32f10x.o
    0x080015d4   0x00000058   Code   RO         1927    i.usart_baudrate_set  gd32f10x_usart.o
    0x0800162c   0x00000008   Code   RO         1928    i.usart_data_receive  gd32f10x_usart.o
    0x08001634   0x00000008   Code   RO         1929    i.usart_data_transmit  gd32f10x_usart.o
    0x0800163c   0x00000058   Code   RO         1930    i.usart_deinit      gd32f10x_usart.o
    0x08001694   0x0000000a   Code   RO         1934    i.usart_enable      gd32f10x_usart.o
    0x0800169e   0x0000001a   Code   RO         1936    i.usart_flag_get    gd32f10x_usart.o
    0x080016b8   0x00000016   Code   RO         1943    i.usart_interrupt_enable  gd32f10x_usart.o
    0x080016ce   0x0000002e   Code   RO         1945    i.usart_interrupt_flag_get  gd32f10x_usart.o
    0x080016fc   0x00000010   Code   RO         1955    i.usart_parity_config  gd32f10x_usart.o
    0x0800170c   0x0000000c   Code   RO         1957    i.usart_receive_config  gd32f10x_usart.o
    0x08001718   0x00000010   Code   RO         1963    i.usart_stop_bit_set  gd32f10x_usart.o
    0x08001728   0x0000000c   Code   RO         1967    i.usart_transmit_config  gd32f10x_usart.o
    0x08001734   0x00000010   Code   RO         1968    i.usart_word_length_set  gd32f10x_usart.o
    0x08001744   0x00000024   Code   RO         2920    i.uxListRemove      list.o
    0x08001768   0x0000000c   Code   RO         3299    i.uxTaskGetNumberOfTasks  tasks.o
    0x08001774   0x0000001a   Code   RO         2921    i.vListInitialise   list.o
    0x0800178e   0x00000006   Code   RO         2922    i.vListInitialiseItem  list.o
    0x08001794   0x00000030   Code   RO         2923    i.vListInsert       list.o
    0x080017c4   0x0000001c   Code   RO         2969    i.vPortEnterCritical  port.o
    0x080017e0   0x00000014   Code   RO         2970    i.vPortExitCritical  port.o
    0x080017f4   0x00000044   Code   RO         2849    i.vPortFree         heap_4.o
    0x08001838   0x00000024   Code   RO         2971    i.vPortSetupTimerInterrupt  port.o
    0x0800185c   0x0000003c   Code   RO         3063    i.vQueueAddToRegistry  queue.o
    0x08001898   0x00000044   Code   RO         3066    i.vQueueWaitForMessageRestricted  queue.o
    0x080018dc   0x000000dc   Code   RO          228    i.vSonarPollingTask  sonar.o
    0x080019b8   0x00000030   Code   RO         3304    i.vTaskDelay        tasks.o
    0x080019e8   0x00000010   Code   RO         3308    i.vTaskInternalSetTimeOutState  tasks.o
    0x080019f8   0x0000000c   Code   RO         3309    i.vTaskMissedYield  tasks.o
    0x08001a04   0x00000020   Code   RO         3310    i.vTaskPlaceOnEventList  tasks.o
    0x08001a24   0x00000040   Code   RO         3311    i.vTaskPlaceOnEventListRestricted  tasks.o
    0x08001a64   0x00000070   Code   RO         3320    i.vTaskStartScheduler  tasks.o
    0x08001ad4   0x00000010   Code   RO         3322    i.vTaskSuspendAll   tasks.o
    0x08001ae4   0x00000058   Code   RO         3323    i.vTaskSwitchContext  tasks.o
    0x08001b3c   0x00000030   Code   RO         2972    i.xPortStartScheduler  port.o
    0x08001b6c   0x0000004a   Code   RO         3071    i.xQueueGenericCreate  queue.o
    0x08001bb6   0x00000002   PAD
    0x08001bb8   0x00000094   Code   RO         3072    i.xQueueGenericReset  queue.o
    0x08001c4c   0x000000f0   Code   RO         3081    i.xQueueReceive     queue.o
    0x08001d3c   0x00000068   Code   RO         3327    i.xTaskCheckForTimeOut  tasks.o
    0x08001da4   0x0000005c   Code   RO         3328    i.xTaskCreate       tasks.o
    0x08001e00   0x0000001c   Code   RO         3341    i.xTaskGetSchedulerState  tasks.o
    0x08001e1c   0x0000000c   Code   RO         3342    i.xTaskGetTickCount  tasks.o
    0x08001e28   0x00000120   Code   RO         3344    i.xTaskIncrementTick  tasks.o
    0x08001f48   0x0000007c   Code   RO         3345    i.xTaskPriorityDisinherit  tasks.o
    0x08001fc4   0x000000c8   Code   RO         3347    i.xTaskRemoveFromEventList  tasks.o
    0x0800208c   0x00000130   Code   RO         3348    i.xTaskResumeAll    tasks.o
    0x080021bc   0x0000003c   Code   RO         3723    i.xTimerCreateTimerTask  timers.o
    0x080021f8   0x00000020   Data   RO         4181    Region$$Table       anon$$obj.o


    Execution Region RW_IRAM1 (Base: 0x20000000, Size: 0x00004278, Max: 0x00005000, ABSOLUTE)

    Base Addr    Size         Type   Attr      Idx    E Section Name        Object

    0x20000000   0x00000005   Data   RW          230    .data               sonar.o
    0x20000005   0x00000001   PAD
    0x20000006   0x00000002   Data   RW          272    .data               uart.o
    0x20000008   0x00000001   Data   RW          315    .data               flash_eeprom.o
    0x20000009   0x00000003   PAD
    0x2000000c   0x00000004   Data   RW         2708    .data               system_gd32f10x.o
    0x20000010   0x0000001c   Data   RW         2856    .data               heap_4.o
    0x2000002c   0x00000004   Data   RW         2973    .data               port.o
    0x20000030   0x00000040   Data   RW         3351    .data               tasks.o
    0x20000070   0x00000014   Data   RW         3734    .data               timers.o
    0x20000084   0x00000004   Data   RW         4155    .data               mc_w.l(stdout.o)
    0x20000088   0x00000014   Zero   RW          229    .bss                sonar.o
    0x2000009c   0x00000040   Zero   RW          271    .bss                uart.o
    0x200000dc   0x0000000c   Zero   RW          314    .bss                flash_eeprom.o
    0x200000e8   0x00003c00   Zero   RW         2855    .bss                heap_4.o
    0x20003ce8   0x00000040   Zero   RW         3088    .bss                queue.o
    0x20003d28   0x00000118   Zero   RW         3350    .bss                tasks.o
    0x20003e40   0x00000038   Zero   RW         3733    .bss                timers.o
    0x20003e78   0x00000400   Zero   RW         2745    STACK               startup_gd32f10x_md.o


==============================================================================

Image component sizes


      Code (inc. data)   RO Data    RW Data    ZI Data      Debug   Object Name

         0          0          0          0          0      12488   event_groups.o
       120          6          0          1         12       1370   flash_eeprom.o
       504         72          0          0          0       6096   gd32f10x_fmc.o
       158          0          0          0          0       1844   gd32f10x_gpio.o
        12          0          0          0          0       2545   gd32f10x_it.o
       204         24          0          0          0      24447   gd32f10x_misc.o
       296         44          0          0          0       2792   gd32f10x_rcu.o
       368         18          0          0          0       7681   gd32f10x_usart.o
       384         20          0         28      15360       4643   heap_4.o
       116          0          0          0          0       2497   list.o
       104         58          0          0          0      52039   main.o
       378         44          0          4          0       8432   port.o
       958         14          0          0         64      12039   queue.o
       438         92          0          5         20       3334   sonar.o
        36          8        260          0       1024        856   startup_gd32f10x_md.o
       328         28          0          4          0       2747   system_gd32f10x.o
      2204        160          0         64        280      32525   tasks.o
       752         80          0         20         56      12494   timers.o
       480         50          0          2         64       2713   uart.o

    ----------------------------------------------------------------------
      7860        718        292        132      16880     193582   Object Totals
         0          0         32          0          0          0   (incl. Generated)
        20          0          0          4          0          0   (incl. Padding)

    ----------------------------------------------------------------------

      Code (inc. data)   RO Data    RW Data    ZI Data      Debug   Library Member Name

         0          0          0          0          0          0   entry.o
         0          0          0          0          0          0   entry10a.o
         0          0          0          0          0          0   entry11a.o
         8          4          0          0          0          0   entry2.o
         4          0          0          0          0          0   entry5.o
         0          0          0          0          0          0   entry7b.o
         0          0          0          0          0          0   entry8b.o
         8          4          0          0          0          0   entry9a.o
        30          0          0          0          0          0   handlers.o
        36          8          0          0          0         68   init.o
        36          0          0          0          0         68   memcpya.o
        36          0          0          0          0        108   memseta.o
       372         14          0          0          0        184   printf1.o
         0          0          0          4          0          0   stdout.o
        44          0          0          0          0         80   uidiv.o

    ----------------------------------------------------------------------
       576         30          0          4          0        508   Library Totals
         2          0          0          0          0          0   (incl. Padding)

    ----------------------------------------------------------------------

      Code (inc. data)   RO Data    RW Data    ZI Data      Debug   Library Name

       574         30          0          4          0        508   mc_w.l

    ----------------------------------------------------------------------
       576         30          0          4          0        508   Library Totals

    ----------------------------------------------------------------------

==============================================================================


      Code (inc. data)   RO Data    RW Data    ZI Data      Debug   

      8436        748        292        136      16880     188626   Grand Totals
      8436        748        292        136      16880     188626   ELF Image Totals
      8436        748        292        136          0          0   ROM Totals

==============================================================================

    Total RO  Size (Code + RO Data)                 8728 (   8.52kB)
    Total RW  Size (RW Data + ZI Data)             17016 (  16.62kB)
    Total ROM Size (Code + RO Data + RW Data)       8864 (   8.66kB)

==============================================================================

